Archive member included because of file (symbol)

C:\Users\Kym\AppData\Local\arduino15\packages\arduino\hardware\sam\1.6.12\variants\arduino_due_x/libsam_sam3x8e_gcc_rel.a(pio.o)
                              C:\Users\Kym\AppData\Local\Temp\VMBCore\arduino16x\bdcba5d43239476dca5ddf04a32da714\variant\variant.cpp.o (PIO_Configure)
C:\Users\Kym\AppData\Local\arduino15\packages\arduino\hardware\sam\1.6.12\variants\arduino_due_x/libsam_sam3x8e_gcc_rel.a(pmc.o)
                              C:\Users\Kym\AppData\Local\Temp\VMBCore\arduino16x\bdcba5d43239476dca5ddf04a32da714\variant\variant.cpp.o (pmc_enable_periph_clk)
C:\Users\Kym\AppData\Local\arduino15\packages\arduino\hardware\sam\1.6.12\variants\arduino_due_x/libsam_sam3x8e_gcc_rel.a(system_sam3xa.o)
                              C:\Users\Kym\AppData\Local\Temp\VMBCore\arduino16x\bdcba5d43239476dca5ddf04a32da714\variant\variant.cpp.o (SystemInit)
C:\Users\Kym\AppData\Local\arduino15\packages\arduino\hardware\sam\1.6.12\variants\arduino_due_x/libsam_sam3x8e_gcc_rel.a(startup_sam3xa.o)
                              (Reset_Handler)
C:\Users\Kym\AppData\Local\arduino15\packages\arduino\hardware\sam\1.6.12\variants\arduino_due_x/libsam_sam3x8e_gcc_rel.a(adc.o)
                              C:\Users\Kym\AppData\Local\Temp\VMBCore\arduino16x\bdcba5d43239476dca5ddf04a32da714\variant\variant.cpp.o (adc_init)
C:\Users\Kym\AppData\Local\arduino15\packages\arduino\hardware\sam\1.6.12\variants\arduino_due_x/libsam_sam3x8e_gcc_rel.a(uotghs.o)
                              C:\Users\Kym\AppData\Local\arduino15\packages\arduino\hardware\sam\1.6.12\variants\arduino_due_x/libsam_sam3x8e_gcc_rel.a(startup_sam3xa.o) (UOTGHS_Handler)
C:\Users\Kym\AppData\Local\Temp\VMBuilds\PEDALB~1\ARDUIN~1\Debug/core.a(cortex_handlers.c.o)
                              C:\Users\Kym\AppData\Local\arduino15\packages\arduino\hardware\sam\1.6.12\variants\arduino_due_x/libsam_sam3x8e_gcc_rel.a(startup_sam3xa.o) (NMI_Handler)
C:\Users\Kym\AppData\Local\Temp\VMBuilds\PEDALB~1\ARDUIN~1\Debug/core.a(hooks.c.o)
                              C:\Users\Kym\AppData\Local\Temp\VMBuilds\PEDALB~1\ARDUIN~1\Debug/core.a(cortex_handlers.c.o) (sysTickHook)
C:\Users\Kym\AppData\Local\Temp\VMBuilds\PEDALB~1\ARDUIN~1\Debug/core.a(syscalls_sam3.c.o)
                              (_sbrk)
C:\Users\Kym\AppData\Local\Temp\VMBuilds\PEDALB~1\ARDUIN~1\Debug/core.a(WInterrupts.c.o)
                              C:\Users\Kym\AppData\Local\Temp\VMBuilds\Pedalboard\arduino_due_x_dbg\Debug\Pedalboard.cpp.o (attachInterrupt)
C:\Users\Kym\AppData\Local\Temp\VMBuilds\PEDALB~1\ARDUIN~1\Debug/core.a(wiring.c.o)
                              C:\Users\Kym\AppData\Local\Temp\VMBuilds\Pedalboard\arduino_due_x_dbg\Debug\Pedalboard.cpp.o (millis)
C:\Users\Kym\AppData\Local\Temp\VMBuilds\PEDALB~1\ARDUIN~1\Debug/core.a(wiring_analog.c.o)
                              C:\Users\Kym\AppData\Local\Temp\VMBCore\arduino16x\bdcba5d43239476dca5ddf04a32da714\variant\variant.cpp.o (analogOutputInit)
C:\Users\Kym\AppData\Local\Temp\VMBuilds\PEDALB~1\ARDUIN~1\Debug/core.a(wiring_digital.c.o)
                              C:\Users\Kym\AppData\Local\Temp\VMBuilds\PEDALB~1\ARDUIN~1\Debug/core.a(wiring_analog.c.o) (pinMode)
C:\Users\Kym\AppData\Local\Temp\VMBuilds\PEDALB~1\ARDUIN~1\Debug/core.a(abi.cpp.o)
                              C:\Users\Kym\AppData\Local\Temp\VMBuilds\Pedalboard\arduino_due_x_dbg\Debug\layout_manager.cpp.o (__cxa_pure_virtual)
C:\Users\Kym\AppData\Local\Temp\VMBuilds\PEDALB~1\ARDUIN~1\Debug/core.a(main.cpp.o)
                              c:/users/kym/appdata/local/arduin~1/packages/arduino/tools/arm-no~1/4800cc~1.3-2/bin/../lib/gcc/arm-none-eabi/4.8.3/../../../../arm-none-eabi/lib/armv7-m/crt0.o (main)
C:\Users\Kym\AppData\Local\Temp\VMBuilds\PEDALB~1\ARDUIN~1\Debug/core.a(new.cpp.o)
                              C:\Users\Kym\AppData\Local\Temp\VMBuilds\Pedalboard\arduino_due_x_dbg\Debug\Pedalboard.cpp.o (operator new(unsigned int))
C:\Users\Kym\AppData\Local\Temp\VMBuilds\PEDALB~1\ARDUIN~1\Debug/core.a(Print.cpp.o)
                              C:\Users\Kym\AppData\Local\Temp\VMBuilds\Pedalboard\arduino_due_x_dbg\Debug\Pedalboard.cpp.o (Print::print(char const*))
C:\Users\Kym\AppData\Local\Temp\VMBuilds\PEDALB~1\ARDUIN~1\Debug/core.a(Reset.cpp.o)
                              C:\Users\Kym\AppData\Local\Temp\VMBuilds\PEDALB~1\ARDUIN~1\Debug/core.a(cortex_handlers.c.o) (tickReset)
C:\Users\Kym\AppData\Local\Temp\VMBuilds\PEDALB~1\ARDUIN~1\Debug/core.a(RingBuffer.cpp.o)
                              C:\Users\Kym\AppData\Local\Temp\VMBCore\arduino16x\bdcba5d43239476dca5ddf04a32da714\variant\variant.cpp.o (RingBuffer::RingBuffer())
C:\Users\Kym\AppData\Local\Temp\VMBuilds\PEDALB~1\ARDUIN~1\Debug/core.a(UARTClass.cpp.o)
                              C:\Users\Kym\AppData\Local\Temp\VMBuilds\Pedalboard\arduino_due_x_dbg\Debug\VM_DBG\VM_DBG.cpp.o (UARTClass::available())
[...]
Memory Configuration

Name             Origin             Length             Attributes
rom              0x00080000         0x00080000         xr
sram0            0x20000000         0x00010000         xrw
sram1            0x20080000         0x00008000         xrw
ram              0x20070000         0x00018000         xrw
*default*        0x00000000         0xffffffff

Linker script and memory map

LOAD c:/users/kym/appdata/local/arduin~1/packages/arduino/tools/arm-no~1/4800cc~1.3-2/bin/../lib/gcc/arm-none-eabi/4.8.3/armv7-m/crti.o
LOAD c:/users/kym/appdata/local/arduin~1/packages/arduino/tools/arm-no~1/4800cc~1.3-2/bin/../lib/gcc/arm-none-eabi/4.8.3/armv7-m/crtbegin.o
LOAD c:/users/kym/appdata/local/arduin~1/packages/arduino/tools/arm-no~1/4800cc~1.3-2/bin/../lib/gcc/arm-none-eabi/4.8.3/../../../../arm-none-eabi/lib/armv7-m/crt0.o
START GROUP
LOAD C:\Users\Kym\AppData\Local\Temp\VMBuilds\Pedalboard\arduino_due_x_dbg\Debug\Pedalboard.cpp.o
LOAD C:\Users\Kym\AppData\Local\Temp\VMBuilds\Pedalboard\arduino_due_x_dbg\Debug\button.cpp.o
LOAD C:\Users\Kym\AppData\Local\Temp\VMBuilds\Pedalboard\arduino_due_x_dbg\Debug\control.cpp.o
LOAD C:\Users\Kym\AppData\Local\Temp\VMBuilds\Pedalboard\arduino_due_x_dbg\Debug\layout.cpp.o
LOAD C:\Users\Kym\AppData\Local\Temp\VMBuilds\Pedalboard\arduino_due_x_dbg\Debug\layout_manager.cpp.o
LOAD C:\Users\Kym\AppData\Local\Temp\VMBuilds\Pedalboard\arduino_due_x_dbg\Debug\VM_DBG\VM_DBG.cpp.o
LOAD C:\Users\Kym\AppData\Local\Temp\VMBuilds\Pedalboard\arduino_due_x_dbg\Debug\VM_DBG\VM_mem_check_sam.cpp.o
LOAD C:\Users\Kym\AppData\Local\Temp\VMBCore\arduino16x\bdcba5d43239476dca5ddf04a32da714\variant\variant.cpp.o
LOAD C:\Users\Kym\AppData\Local\arduino15\packages\arduino\hardware\sam\1.6.12\variants\arduino_due_x/libsam_sam3x8e_gcc_rel.a
LOAD C:\Users\Kym\AppData\Local\Temp\VMBuilds\PEDALB~1\ARDUIN~1\Debug/core.a
END GROUP
LOAD c:/users/kym/appdata/local/arduin~1/packages/arduino/tools/arm-no~1/4800cc~1.3-2/bin/../lib/gcc/arm-none-eabi/4.8.3/../../../../arm-none-eabi/lib/armv7-m\libm.a
LOAD c:/users/kym/appdata/local/arduin~1/packages/arduino/tools/arm-no~1/4800cc~1.3-2/bin/../lib/gcc/arm-none-eabi/4.8.3/armv7-m\libgcc.a
START GROUP
LOAD c:/users/kym/appdata/local/arduin~1/packages/arduino/tools/arm-no~1/4800cc~1.3-2/bin/../lib/gcc/arm-none-eabi/4.8.3/armv7-m\libgcc.a
LOAD c:/users/kym/appdata/local/arduin~1/packages/arduino/tools/arm-no~1/4800cc~1.3-2/bin/../lib/gcc/arm-none-eabi/4.8.3/../../../../arm-none-eabi/lib/armv7-m\libc.a
END GROUP
LOAD c:/users/kym/appdata/local/arduin~1/packages/arduino/tools/arm-no~1/4800cc~1.3-2/bin/../lib/gcc/arm-none-eabi/4.8.3/armv7-m/crtend.o
LOAD c:/users/kym/appdata/local/arduin~1/packages/arduino/tools/arm-no~1/4800cc~1.3-2/bin/../lib/gcc/arm-none-eabi/4.8.3/armv7-m/crtn.o

.text           0x00080000     0x50dc
                0x00080000                . = ALIGN (0x4)
                0x00080000                _sfixed = .
 *(.vectors .vectors.*)
 .vectors       0x00080000       0xf4 C:\Users\Kym\AppData\Local\arduino15\packages\arduino\hardware\sam\1.6.12\variants\arduino_due_x/libsam_sam3x8e_gcc_rel.a(startup_sam3xa.o)
                0x00080000                exception_table
 *(.text .text.* .gnu.linkonce.t.*)
 .text          0x000800f4       0x54 c:/users/kym/appdata/local/arduin~1/packages/arduino/tools/arm-no~1/4800cc~1.3-2/bin/../lib/gcc/arm-none-eabi/4.8.3/armv7-m/crtbegin.o
 .text._Z18pin_callback_pressILi53EEvv
                0x00080148       0x20 C:\Users\Kym\AppData\Local\Temp\VMBuilds\Pedalboard\arduino_due_x_dbg\Debug\Pedalboard.cpp.o
                0x00080148                void pin_callback_press<53>()
 .text._Z18pin_callback_pressILi52EEvv
                0x00080168       0x20 C:\Users\Kym\AppData\Local\Temp\VMBuilds\Pedalboard\arduino_due_x_dbg\Debug\Pedalboard.cpp.o
                0x00080168                void pin_callback_press<52>()
 .text._Z18pin_callback_pressILi51EEvv
                0x00080188       0x20 C:\Users\Kym\AppData\Local\Temp\VMBuilds\Pedalboard\arduino_due_x_dbg\Debug\Pedalboard.cpp.o
                0x00080188                void pin_callback_press<51>()
 .text._Z18pin_callback_pressILi50EEvv
                0x000801a8       0x20 C:\Users\Kym\AppData\Local\Temp\VMBuilds\Pedalboard\arduino_due_x_dbg\Debug\Pedalboard.cpp.o
                0x000801a8                void pin_callback_press<50>()
 .text._Z18pin_callback_pressILi49EEvv
                0x000801c8       0x20 C:\Users\Kym\AppData\Local\Temp\VMBuilds\Pedalboard\arduino_due_x_dbg\Debug\Pedalboard.cpp.o
                0x000801c8                void pin_callback_press<49>()
 .text._Z18pin_callback_pressILi48EEvv
                0x000801e8       0x20 C:\Users\Kym\AppData\Local\Temp\VMBuilds\Pedalboard\arduino_due_x_dbg\Debug\Pedalboard.cpp.o
                0x000801e8                void pin_callback_press<48>()
 .text._Z18pin_callback_pressILi47EEvv
                0x00080208       0x20 C:\Users\Kym\AppData\Local\Temp\VMBuilds\Pedalboard\arduino_due_x_dbg\Debug\Pedalboard.cpp.o
                0x00080208                void pin_callback_press<47>()
 .text._Z18pin_callback_pressILi46EEvv
                0x00080228       0x20 C:\Users\Kym\AppData\Local\Temp\VMBuilds\Pedalboard\arduino_due_x_dbg\Debug\Pedalboard.cpp.o
                0x00080228                void pin_callback_press<46>()
 .text._Z18pin_callback_pressILi45EEvv
                0x00080248       0x20 C:\Users\Kym\AppData\Local\Temp\VMBuilds\Pedalboard\arduino_due_x_dbg\Debug\Pedalboard.cpp.o
                0x00080248                void pin_callback_press<45>()
 .text._Z18pin_callback_pressILi44EEvv
                0x00080268       0x20 C:\Users\Kym\AppData\Local\Temp\VMBuilds\Pedalboard\arduino_due_x_dbg\Debug\Pedalboard.cpp.o
                0x00080268                void pin_callback_press<44>()
 .text._Z18pin_callback_pressILi43EEvv
                0x00080288       0x20 C:\Users\Kym\AppData\Local\Temp\VMBuilds\Pedalboard\arduino_due_x_dbg\Debug\Pedalboard.cpp.o
                0x00080288                void pin_callback_press<43>()
 .text._Z18pin_callback_pressILi42EEvv
                0x000802a8       0x20 C:\Users\Kym\AppData\Local\Temp\VMBuilds\Pedalboard\arduino_due_x_dbg\Debug\Pedalboard.cpp.o
                0x000802a8                void pin_callback_press<42>()
 .text._Z18pin_callback_pressILi41EEvv
                0x000802c8       0x20 C:\Users\Kym\AppData\Local\Temp\VMBuilds\Pedalboard\arduino_due_x_dbg\Debug\Pedalboard.cpp.o
                0x000802c8                void pin_callback_press<41>()
 .text._Z18pin_callback_pressILi40EEvv
                0x000802e8       0x20 C:\Users\Kym\AppData\Local\Temp\VMBuilds\Pedalboard\arduino_due_x_dbg\Debug\Pedalboard.cpp.o
                0x000802e8                void pin_callback_press<40>()
 .text._Z18pin_callback_pressILi39EEvv
                0x00080308       0x20 C:\Users\Kym\AppData\Local\Temp\VMBuilds\Pedalboard\arduino_due_x_dbg\Debug\Pedalboard.cpp.o
                0x00080308                void pin_callback_press<39>()
 .text._Z18pin_callback_pressILi38EEvv
                0x00080328       0x20 C:\Users\Kym\AppData\Local\Temp\VMBuilds\Pedalboard\arduino_due_x_dbg\Debug\Pedalboard.cpp.o
                0x00080328                void pin_callback_press<38>()
 .text._Z18pin_callback_pressILi37EEvv
                0x00080348       0x20 C:\Users\Kym\AppData\Local\Temp\VMBuilds\Pedalboard\arduino_due_x_dbg\Debug\Pedalboard.cpp.o
                0x00080348                void pin_callback_press<37>()
 .text._Z18pin_callback_pressILi36EEvv
                0x00080368       0x20 C:\Users\Kym\AppData\Local\Temp\VMBuilds\Pedalboard\arduino_due_x_dbg\Debug\Pedalboard.cpp.o
                0x00080368                void pin_callback_press<36>()
 .text._Z18pin_callback_pressILi35EEvv
                0x00080388       0x20 C:\Users\Kym\AppData\Local\Temp\VMBuilds\Pedalboard\arduino_due_x_dbg\Debug\Pedalboard.cpp.o
                0x00080388                void pin_callback_press<35>()
 .text._Z18pin_callback_pressILi34EEvv
                0x000803a8       0x20 C:\Users\Kym\AppData\Local\Temp\VMBuilds\Pedalboard\arduino_due_x_dbg\Debug\Pedalboard.cpp.o
                0x000803a8                void pin_callback_press<34>()
 .text._Z18pin_callback_pressILi33EEvv
                0x000803c8       0x20 C:\Users\Kym\AppData\Local\Temp\VMBuilds\Pedalboard\arduino_due_x_dbg\Debug\Pedalboard.cpp.o
                0x000803c8                void pin_callback_press<33>()
 .text._Z18pin_callback_pressILi32EEvv
                0x000803e8       0x20 C:\Users\Kym\AppData\Local\Temp\VMBuilds\Pedalboard\arduino_due_x_dbg\Debug\Pedalboard.cpp.o
                0x000803e8                void pin_callback_press<32>()
 .text._Z18pin_callback_pressILi31EEvv
                0x00080408       0x1c C:\Users\Kym\AppData\Local\Temp\VMBuilds\Pedalboard\arduino_due_x_dbg\Debug\Pedalboard.cpp.o
                0x00080408                void pin_callback_press<31>()
 .text._Z18pin_callback_pressILi30EEvv
                0x00080424       0x1c C:\Users\Kym\AppData\Local\Temp\VMBuilds\Pedalboard\arduino_due_x_dbg\Debug\Pedalboard.cpp.o
                0x00080424                void pin_callback_press<30>()
 .text._Z18pin_callback_pressILi29EEvv
                0x00080440       0x1c C:\Users\Kym\AppData\Local\Temp\VMBuilds\Pedalboard\arduino_due_x_dbg\Debug\Pedalboard.cpp.o
                0x00080440                void pin_callback_press<29>()
 .text._Z18pin_callback_pressILi28EEvv
                0x0008045c       0x1c C:\Users\Kym\AppData\Local\Temp\VMBuilds\Pedalboard\arduino_due_x_dbg\Debug\Pedalboard.cpp.o
                0x0008045c                void pin_callback_press<28>()
 .text._Z18pin_callback_pressILi27EEvv
                0x00080478       0x1c C:\Users\Kym\AppData\Local\Temp\VMBuilds\Pedalboard\arduino_due_x_dbg\Debug\Pedalboard.cpp.o
                0x00080478                void pin_callback_press<27>()
 .text._Z18pin_callback_pressILi26EEvv
                0x00080494       0x1c C:\Users\Kym\AppData\Local\Temp\VMBuilds\Pedalboard\arduino_due_x_dbg\Debug\Pedalboard.cpp.o
                0x00080494                void pin_callback_press<26>()
 .text._Z18pin_callback_pressILi25EEvv
                0x000804b0       0x1c C:\Users\Kym\AppData\Local\Temp\VMBuilds\Pedalboard\arduino_due_x_dbg\Debug\Pedalboard.cpp.o
                0x000804b0                void pin_callback_press<25>()
 .text._Z18pin_callback_pressILi24EEvv
                0x000804cc       0x1c C:\Users\Kym\AppData\Local\Temp\VMBuilds\Pedalboard\arduino_due_x_dbg\Debug\Pedalboard.cpp.o
                0x000804cc                void pin_callback_press<24>()
 .text._Z18pin_callback_pressILi23EEvv
                0x000804e8       0x1c C:\Users\Kym\AppData\Local\Temp\VMBuilds\Pedalboard\arduino_due_x_dbg\Debug\Pedalboard.cpp.o
                0x000804e8                void pin_callback_press<23>()
 .text._Z18pin_callback_pressILi22EEvv
                0x00080504       0x1c C:\Users\Kym\AppData\Local\Temp\VMBuilds\Pedalboard\arduino_due_x_dbg\Debug\Pedalboard.cpp.o
                0x00080504                void pin_callback_press<22>()
 .text._Z18pin_callback_pressILi21EEvv
                0x00080520       0x1c C:\Users\Kym\AppData\Local\Temp\VMBuilds\Pedalboard\arduino_due_x_dbg\Debug\Pedalboard.cpp.o
                0x00080520                void pin_callback_press<21>()
 .text._Z18pin_callback_pressILi20EEvv
                0x0008053c       0x1c C:\Users\Kym\AppData\Local\Temp\VMBuilds\Pedalboard\arduino_due_x_dbg\Debug\Pedalboard.cpp.o
                0x0008053c                void pin_callback_press<20>()
 .text._Z18pin_callback_pressILi19EEvv
                0x00080558       0x1c C:\Users\Kym\AppData\Local\Temp\VMBuilds\Pedalboard\arduino_due_x_dbg\Debug\Pedalboard.cpp.o
                0x00080558                void pin_callback_press<19>()
 .text._Z18pin_callback_pressILi18EEvv
                0x00080574       0x1c C:\Users\Kym\AppData\Local\Temp\VMBuilds\Pedalboard\arduino_due_x_dbg\Debug\Pedalboard.cpp.o
                0x00080574                void pin_callback_press<18>()
 .text._Z18pin_callback_pressILi17EEvv
                0x00080590       0x1c C:\Users\Kym\AppData\Local\Temp\VMBuilds\Pedalboard\arduino_due_x_dbg\Debug\Pedalboard.cpp.o
                0x00080590                void pin_callback_press<17>()
 .text._Z18pin_callback_pressILi16EEvv
                0x000805ac       0x1c C:\Users\Kym\AppData\Local\Temp\VMBuilds\Pedalboard\arduino_due_x_dbg\Debug\Pedalboard.cpp.o
                0x000805ac                void pin_callback_press<16>()
 .text._Z18pin_callback_pressILi15EEvv
                0x000805c8       0x1c C:\Users\Kym\AppData\Local\Temp\VMBuilds\Pedalboard\arduino_due_x_dbg\Debug\Pedalboard.cpp.o
                0x000805c8                void pin_callback_press<15>()
 .text._Z18pin_callback_pressILi14EEvv
                0x000805e4       0x1c C:\Users\Kym\AppData\Local\Temp\VMBuilds\Pedalboard\arduino_due_x_dbg\Debug\Pedalboard.cpp.o
                0x000805e4                void pin_callback_press<14>()
 .text._Z18pin_callback_pressILi13EEvv
                0x00080600       0x1c C:\Users\Kym\AppData\Local\Temp\VMBuilds\Pedalboard\arduino_due_x_dbg\Debug\Pedalboard.cpp.o
                0x00080600                void pin_callback_press<13>()
 .text._Z18pin_callback_pressILi12EEvv
                0x0008061c       0x1c C:\Users\Kym\AppData\Local\Temp\VMBuilds\Pedalboard\arduino_due_x_dbg\Debug\Pedalboard.cpp.o
                0x0008061c                void pin_callback_press<12>()
 .text._Z18pin_callback_pressILi11EEvv
                0x00080638       0x1c C:\Users\Kym\AppData\Local\Temp\VMBuilds\Pedalboard\arduino_due_x_dbg\Debug\Pedalboard.cpp.o
                0x00080638                void pin_callback_press<11>()
 .text._Z18pin_callback_pressILi10EEvv
                0x00080654       0x1c C:\Users\Kym\AppData\Local\Temp\VMBuilds\Pedalboard\arduino_due_x_dbg\Debug\Pedalboard.cpp.o
                0x00080654                void pin_callback_press<10>()
 .text._Z18pin_callback_pressILi9EEvv
                0x00080670       0x1c C:\Users\Kym\AppData\Local\Temp\VMBuilds\Pedalboard\arduino_due_x_dbg\Debug\Pedalboard.cpp.o
                0x00080670                void pin_callback_press<9>()
 .text._Z18pin_callback_pressILi8EEvv
                0x0008068c       0x1c C:\Users\Kym\AppData\Local\Temp\VMBuilds\Pedalboard\arduino_due_x_dbg\Debug\Pedalboard.cpp.o
                0x0008068c                void pin_callback_press<8>()
 .text._Z18pin_callback_pressILi7EEvv
                0x000806a8       0x1c C:\Users\Kym\AppData\Local\Temp\VMBuilds\Pedalboard\arduino_due_x_dbg\Debug\Pedalboard.cpp.o
                0x000806a8                void pin_callback_press<7>()
 .text._Z18pin_callback_pressILi6EEvv
                0x000806c4       0x1c C:\Users\Kym\AppData\Local\Temp\VMBuilds\Pedalboard\arduino_due_x_dbg\Debug\Pedalboard.cpp.o
                0x000806c4                void pin_callback_press<6>()
 .text._Z18pin_callback_pressILi5EEvv
                0x000806e0       0x1c C:\Users\Kym\AppData\Local\Temp\VMBuilds\Pedalboard\arduino_due_x_dbg\Debug\Pedalboard.cpp.o
                0x000806e0                void pin_callback_press<5>()
 .text._Z18pin_callback_pressILi4EEvv
                0x000806fc       0x1c C:\Users\Kym\AppData\Local\Temp\VMBuilds\Pedalboard\arduino_due_x_dbg\Debug\Pedalboard.cpp.o
                0x000806fc                void pin_callback_press<4>()
 .text._Z18pin_callback_pressILi3EEvv
                0x00080718       0x1c C:\Users\Kym\AppData\Local\Temp\VMBuilds\Pedalboard\arduino_due_x_dbg\Debug\Pedalboard.cpp.o
                0x00080718                void pin_callback_press<3>()
 .text._Z18pin_callback_pressILi2EEvv
                0x00080734       0x1c C:\Users\Kym\AppData\Local\Temp\VMBuilds\Pedalboard\arduino_due_x_dbg\Debug\Pedalboard.cpp.o
                0x00080734                void pin_callback_press<2>()
 .text._Z18pin_callback_pressILi1EEvv
                0x00080750       0x1c C:\Users\Kym\AppData\Local\Temp\VMBuilds\Pedalboard\arduino_due_x_dbg\Debug\Pedalboard.cpp.o
                0x00080750                void pin_callback_press<1>()
 .text._Z20pin_callback_releaseILi53EEvv
                0x0008076c       0x20 C:\Users\Kym\AppData\Local\Temp\VMBuilds\Pedalboard\arduino_due_x_dbg\Debug\Pedalboard.cpp.o
                0x0008076c                void pin_callback_release<53>()
 .text._Z20pin_callback_releaseILi52EEvv
                0x0008078c       0x20 C:\Users\Kym\AppData\Local\Temp\VMBuilds\Pedalboard\arduino_due_x_dbg\Debug\Pedalboard.cpp.o
                0x0008078c                void pin_callback_release<52>()
 .text._Z20pin_callback_releaseILi51EEvv
                0x000807ac       0x20 C:\Users\Kym\AppData\Local\Temp\VMBuilds\Pedalboard\arduino_due_x_dbg\Debug\Pedalboard.cpp.o
                0x000807ac                void pin_callback_release<51>()
 .text._Z20pin_callback_releaseILi50EEvv
                0x000807cc       0x20 C:\Users\Kym\AppData\Local\Temp\VMBuilds\Pedalboard\arduino_due_x_dbg\Debug\Pedalboard.cpp.o
                0x000807cc                void pin_callback_release<50>()
 .text._Z20pin_callback_releaseILi49EEvv
                0x000807ec       0x20 C:\Users\Kym\AppData\Local\Temp\VMBuilds\Pedalboard\arduino_due_x_dbg\Debug\Pedalboard.cpp.o
                0x000807ec                void pin_callback_release<49>()
 .text._Z20pin_callback_releaseILi48EEvv
                0x0008080c       0x20 C:\Users\Kym\AppData\Local\Temp\VMBuilds\Pedalboard\arduino_due_x_dbg\Debug\Pedalboard.cpp.o
                0x0008080c                void pin_callback_release<48>()
 .text._Z20pin_callback_releaseILi47EEvv
                0x0008082c       0x20 C:\Users\Kym\AppData\Local\Temp\VMBuilds\Pedalboard\arduino_due_x_dbg\Debug\Pedalboard.cpp.o
                0x0008082c                void pin_callback_release<47>()
 .text._Z20pin_callback_releaseILi46EEvv
                0x0008084c       0x20 C:\Users\Kym\AppData\Local\Temp\VMBuilds\Pedalboard\arduino_due_x_dbg\Debug\Pedalboard.cpp.o
                0x0008084c                void pin_callback_release<46>()
 .text._Z20pin_callback_releaseILi45EEvv
                0x0008086c       0x20 C:\Users\Kym\AppData\Local\Temp\VMBuilds\Pedalboard\arduino_due_x_dbg\Debug\Pedalboard.cpp.o
                0x0008086c                void pin_callback_release<45>()
 .text._Z20pin_callback_releaseILi44EEvv
                0x0008088c       0x20 C:\Users\Kym\AppData\Local\Temp\VMBuilds\Pedalboard\arduino_due_x_dbg\Debug\Pedalboard.cpp.o
                0x0008088c                void pin_callback_release<44>()
 .text._Z20pin_callback_releaseILi43EEvv
                0x000808ac       0x20 C:\Users\Kym\AppData\Local\Temp\VMBuilds\Pedalboard\arduino_due_x_dbg\Debug\Pedalboard.cpp.o
                0x000808ac                void pin_callback_release<43>()
 .text._Z20pin_callback_releaseILi42EEvv
                0x000808cc       0x20 C:\Users\Kym\AppData\Local\Temp\VMBuilds\Pedalboard\arduino_due_x_dbg\Debug\Pedalboard.cpp.o
                0x000808cc                void pin_callback_release<42>()
 .text._Z20pin_callback_releaseILi41EEvv
                0x000808ec       0x20 C:\Users\Kym\AppData\Local\Temp\VMBuilds\Pedalboard\arduino_due_x_dbg\Debug\Pedalboard.cpp.o
                0x000808ec                void pin_callback_release<41>()
 .text._Z20pin_callback_releaseILi40EEvv
                0x0008090c       0x20 C:\Users\Kym\AppData\Local\Temp\VMBuilds\Pedalboard\arduino_due_x_dbg\Debug\Pedalboard.cpp.o
                0x0008090c                void pin_callback_release<40>()
 .text._Z20pin_callback_releaseILi39EEvv
                0x0008092c       0x20 C:\Users\Kym\AppData\Local\Temp\VMBuilds\Pedalboard\arduino_due_x_dbg\Debug\Pedalboard.cpp.o
                0x0008092c                void pin_callback_release<39>()
 .text._Z20pin_callback_releaseILi38EEvv
                0x0008094c       0x20 C:\Users\Kym\AppData\Local\Temp\VMBuilds\Pedalboard\arduino_due_x_dbg\Debug\Pedalboard.cpp.o
                0x0008094c                void pin_callback_release<38>()
 .text._Z20pin_callback_releaseILi37EEvv
                0x0008096c       0x20 C:\Users\Kym\AppData\Local\Temp\VMBuilds\Pedalboard\arduino_due_x_dbg\Debug\Pedalboard.cpp.o
                0x0008096c                void pin_callback_release<37>()
 .text._Z20pin_callback_releaseILi36EEvv
                0x0008098c       0x20 C:\Users\Kym\AppData\Local\Temp\VMBuilds\Pedalboard\arduino_due_x_dbg\Debug\Pedalboard.cpp.o
                0x0008098c                void pin_callback_release<36>()
 .text._Z20pin_callback_releaseILi35EEvv
                0x000809ac       0x20 C:\Users\Kym\AppData\Local\Temp\VMBuilds\Pedalboard\arduino_due_x_dbg\Debug\Pedalboard.cpp.o
                0x000809ac                void pin_callback_release<35>()
 .text._Z20pin_callback_releaseILi34EEvv
                0x000809cc       0x20 C:\Users\Kym\AppData\Local\Temp\VMBuilds\Pedalboard\arduino_due_x_dbg\Debug\Pedalboard.cpp.o
                0x000809cc                void pin_callback_release<34>()
 .text._Z20pin_callback_releaseILi33EEvv
                0x000809ec       0x20 C:\Users\Kym\AppData\Local\Temp\VMBuilds\Pedalboard\arduino_due_x_dbg\Debug\Pedalboard.cpp.o
                0x000809ec                void pin_callback_release<33>()
 .text._Z20pin_callback_releaseILi32EEvv
                0x00080a0c       0x20 C:\Users\Kym\AppData\Local\Temp\VMBuilds\Pedalboard\arduino_due_x_dbg\Debug\Pedalboard.cpp.o
                0x00080a0c                void pin_callback_release<32>()
 .text._Z20pin_callback_releaseILi31EEvv
                0x00080a2c       0x1c C:\Users\Kym\AppData\Local\Temp\VMBuilds\Pedalboard\arduino_due_x_dbg\Debug\Pedalboard.cpp.o
                0x00080a2c                void pin_callback_release<31>()
 .text._Z20pin_callback_releaseILi30EEvv
                0x00080a48       0x1c C:\Users\Kym\AppData\Local\Temp\VMBuilds\Pedalboard\arduino_due_x_dbg\Debug\Pedalboard.cpp.o
                0x00080a48                void pin_callback_release<30>()
 .text._Z20pin_callback_releaseILi29EEvv
                0x00080a64       0x1c C:\Users\Kym\AppData\Local\Temp\VMBuilds\Pedalboard\arduino_due_x_dbg\Debug\Pedalboard.cpp.o
                0x00080a64                void pin_callback_release<29>()
 .text._Z20pin_callback_releaseILi28EEvv
                0x00080a80       0x1c C:\Users\Kym\AppData\Local\Temp\VMBuilds\Pedalboard\arduino_due_x_dbg\Debug\Pedalboard.cpp.o
                0x00080a80                void pin_callback_release<28>()
 .text._Z20pin_callback_releaseILi27EEvv
                0x00080a9c       0x1c C:\Users\Kym\AppData\Local\Temp\VMBuilds\Pedalboard\arduino_due_x_dbg\Debug\Pedalboard.cpp.o
                0x00080a9c                void pin_callback_release<27>()
 .text._Z20pin_callback_releaseILi26EEvv
                0x00080ab8       0x1c C:\Users\Kym\AppData\Local\Temp\VMBuilds\Pedalboard\arduino_due_x_dbg\Debug\Pedalboard.cpp.o
                0x00080ab8                void pin_callback_release<26>()
 .text._Z20pin_callback_releaseILi25EEvv
                0x00080ad4       0x1c C:\Users\Kym\AppData\Local\Temp\VMBuilds\Pedalboard\arduino_due_x_dbg\Debug\Pedalboard.cpp.o
                0x00080ad4                void pin_callback_release<25>()
 .text._Z20pin_callback_releaseILi24EEvv
                0x00080af0       0x1c C:\Users\Kym\AppData\Local\Temp\VMBuilds\Pedalboard\arduino_due_x_dbg\Debug\Pedalboard.cpp.o
                0x00080af0                void pin_callback_release<24>()
 .text._Z20pin_callback_releaseILi23EEvv
                0x00080b0c       0x1c C:\Users\Kym\AppData\Local\Temp\VMBuilds\Pedalboard\arduino_due_x_dbg\Debug\Pedalboard.cpp.o
                0x00080b0c                void pin_callback_release<23>()
 .text._Z20pin_callback_releaseILi22EEvv
                0x00080b28       0x1c C:\Users\Kym\AppData\Local\Temp\VMBuilds\Pedalboard\arduino_due_x_dbg\Debug\Pedalboard.cpp.o
                0x00080b28                void pin_callback_release<22>()
 .text._Z20pin_callback_releaseILi21EEvv
                0x00080b44       0x1c C:\Users\Kym\AppData\Local\Temp\VMBuilds\Pedalboard\arduino_due_x_dbg\Debug\Pedalboard.cpp.o
                0x00080b44                void pin_callback_release<21>()
 .text._Z20pin_callback_releaseILi20EEvv
                0x00080b60       0x1c C:\Users\Kym\AppData\Local\Temp\VMBuilds\Pedalboard\arduino_due_x_dbg\Debug\Pedalboard.cpp.o
                0x00080b60                void pin_callback_release<20>()
 .text._Z20pin_callback_releaseILi19EEvv
                0x00080b7c       0x1c C:\Users\Kym\AppData\Local\Temp\VMBuilds\Pedalboard\arduino_due_x_dbg\Debug\Pedalboard.cpp.o
                0x00080b7c                void pin_callback_release<19>()
 .text._Z20pin_callback_releaseILi18EEvv
                0x00080b98       0x1c C:\Users\Kym\AppData\Local\Temp\VMBuilds\Pedalboard\arduino_due_x_dbg\Debug\Pedalboard.cpp.o
                0x00080b98                void pin_callback_release<18>()
 .text._Z20pin_callback_releaseILi17EEvv
                0x00080bb4       0x1c C:\Users\Kym\AppData\Local\Temp\VMBuilds\Pedalboard\arduino_due_x_dbg\Debug\Pedalboard.cpp.o
                0x00080bb4                void pin_callback_release<17>()
 .text._Z20pin_callback_releaseILi16EEvv
                0x00080bd0       0x1c C:\Users\Kym\AppData\Local\Temp\VMBuilds\Pedalboard\arduino_due_x_dbg\Debug\Pedalboard.cpp.o
                0x00080bd0                void pin_callback_release<16>()
 .text._Z20pin_callback_releaseILi15EEvv
                0x00080bec       0x1c C:\Users\Kym\AppData\Local\Temp\VMBuilds\Pedalboard\arduino_due_x_dbg\Debug\Pedalboard.cpp.o
                0x00080bec                void pin_callback_release<15>()
 .text._Z20pin_callback_releaseILi14EEvv
                0x00080c08       0x1c C:\Users\Kym\AppData\Local\Temp\VMBuilds\Pedalboard\arduino_due_x_dbg\Debug\Pedalboard.cpp.o
                0x00080c08                void pin_callback_release<14>()
 .text._Z20pin_callback_releaseILi13EEvv
                0x00080c24       0x1c C:\Users\Kym\AppData\Local\Temp\VMBuilds\Pedalboard\arduino_due_x_dbg\Debug\Pedalboard.cpp.o
                0x00080c24                void pin_callback_release<13>()
 .text._Z20pin_callback_releaseILi12EEvv
                0x00080c40       0x1c C:\Users\Kym\AppData\Local\Temp\VMBuilds\Pedalboard\arduino_due_x_dbg\Debug\Pedalboard.cpp.o
                0x00080c40                void pin_callback_release<12>()
 .text._Z20pin_callback_releaseILi11EEvv
                0x00080c5c       0x1c C:\Users\Kym\AppData\Local\Temp\VMBuilds\Pedalboard\arduino_due_x_dbg\Debug\Pedalboard.cpp.o
                0x00080c5c                void pin_callback_release<11>()
 .text._Z20pin_callback_releaseILi10EEvv
                0x00080c78       0x1c C:\Users\Kym\AppData\Local\Temp\VMBuilds\Pedalboard\arduino_due_x_dbg\Debug\Pedalboard.cpp.o
                0x00080c78                void pin_callback_release<10>()
 .text._Z20pin_callback_releaseILi9EEvv
                0x00080c94       0x1c C:\Users\Kym\AppData\Local\Temp\VMBuilds\Pedalboard\arduino_due_x_dbg\Debug\Pedalboard.cpp.o
                0x00080c94                void pin_callback_release<9>()
 .text._Z20pin_callback_releaseILi8EEvv
                0x00080cb0       0x1c C:\Users\Kym\AppData\Local\Temp\VMBuilds\Pedalboard\arduino_due_x_dbg\Debug\Pedalboard.cpp.o
                0x00080cb0                void pin_callback_release<8>()
 .text._Z20pin_callback_releaseILi7EEvv
                0x00080ccc       0x1c C:\Users\Kym\AppData\Local\Temp\VMBuilds\Pedalboard\arduino_due_x_dbg\Debug\Pedalboard.cpp.o
                0x00080ccc                void pin_callback_release<7>()
 .text._Z20pin_callback_releaseILi6EEvv
                0x00080ce8       0x1c C:\Users\Kym\AppData\Local\Temp\VMBuilds\Pedalboard\arduino_due_x_dbg\Debug\Pedalboard.cpp.o
                0x00080ce8                void pin_callback_release<6>()
 .text._Z20pin_callback_releaseILi5EEvv
                0x00080d04       0x1c C:\Users\Kym\AppData\Local\Temp\VMBuilds\Pedalboard\arduino_due_x_dbg\Debug\Pedalboard.cpp.o
                0x00080d04                void pin_callback_release<5>()
 .text._Z20pin_callback_releaseILi4EEvv
                0x00080d20       0x1c C:\Users\Kym\AppData\Local\Temp\VMBuilds\Pedalboard\arduino_due_x_dbg\Debug\Pedalboard.cpp.o
                0x00080d20                void pin_callback_release<4>()
 .text._Z20pin_callback_releaseILi3EEvv
                0x00080d3c       0x1c C:\Users\Kym\AppData\Local\Temp\VMBuilds\Pedalboard\arduino_due_x_dbg\Debug\Pedalboard.cpp.o
                0x00080d3c                void pin_callback_release<3>()
 .text._Z20pin_callback_releaseILi2EEvv
                0x00080d58       0x1c C:\Users\Kym\AppData\Local\Temp\VMBuilds\Pedalboard\arduino_due_x_dbg\Debug\Pedalboard.cpp.o
                0x00080d58                void pin_callback_release<2>()
 .text._Z20pin_callback_releaseILi1EEvv
                0x00080d74       0x1c C:\Users\Kym\AppData\Local\Temp\VMBuilds\Pedalboard\arduino_due_x_dbg\Debug\Pedalboard.cpp.o
                0x00080d74                void pin_callback_release<1>()
 .text._Z26define_interrupt_to_layoutv
                0x00080d90       0x30 C:\Users\Kym\AppData\Local\Temp\VMBuilds\Pedalboard\arduino_due_x_dbg\Debug\Pedalboard.cpp.o
                0x00080d90                define_interrupt_to_layout()
 .text.loop     0x00080dc0       0x98 C:\Users\Kym\AppData\Local\Temp\VMBuilds\Pedalboard\arduino_due_x_dbg\Debug\Pedalboard.cpp.o
                0x00080dc0                loop
 .text._Z17define_interruptsILi4EEvv
                0x00080e58       0x78 C:\Users\Kym\AppData\Local\Temp\VMBuilds\Pedalboard\arduino_due_x_dbg\Debug\Pedalboard.cpp.o
                0x00080e58                void define_interrupts<4>()
 .text._Z17define_interruptsILi8EEvv
                0x00080ed0       0x78 C:\Users\Kym\AppData\Local\Temp\VMBuilds\Pedalboard\arduino_due_x_dbg\Debug\Pedalboard.cpp.o
                0x00080ed0                void define_interrupts<8>()
 .text._Z17define_interruptsILi14EEvv
                0x00080f48       0xb0 C:\Users\Kym\AppData\Local\Temp\VMBuilds\Pedalboard\arduino_due_x_dbg\Debug\Pedalboard.cpp.o
                0x00080f48                void define_interrupts<14>()
 .text._Z17define_interruptsILi18EEvv
                0x00080ff8       0x78 C:\Users\Kym\AppData\Local\Temp\VMBuilds\Pedalboard\arduino_due_x_dbg\Debug\Pedalboard.cpp.o
                0x00080ff8                void define_interrupts<18>()
 .text._Z17define_interruptsILi22EEvv
                0x00081070       0x78 C:\Users\Kym\AppData\Local\Temp\VMBuilds\Pedalboard\arduino_due_x_dbg\Debug\Pedalboard.cpp.o
                0x00081070                void define_interrupts<22>()
 .text._Z17define_interruptsILi28EEvv
                0x000810e8       0xb0 C:\Users\Kym\AppData\Local\Temp\VMBuilds\Pedalboard\arduino_due_x_dbg\Debug\Pedalboard.cpp.o
                0x000810e8                void define_interrupts<28>()
 .text._Z17define_interruptsILi32EEvv
                0x00081198       0x78 C:\Users\Kym\AppData\Local\Temp\VMBuilds\Pedalboard\arduino_due_x_dbg\Debug\Pedalboard.cpp.o
                0x00081198                void define_interrupts<32>()
 .text._Z17define_interruptsILi36EEvv
                0x00081210       0x78 C:\Users\Kym\AppData\Local\Temp\VMBuilds\Pedalboard\arduino_due_x_dbg\Debug\Pedalboard.cpp.o
                0x00081210                void define_interrupts<36>()
 .text._Z17define_interruptsILi40EEvv
                0x00081288       0x78 C:\Users\Kym\AppData\Local\Temp\VMBuilds\Pedalboard\arduino_due_x_dbg\Debug\Pedalboard.cpp.o
                0x00081288                void define_interrupts<40>()
 .text._Z17define_interruptsILi44EEvv
                0x00081300       0x78 C:\Users\Kym\AppData\Local\Temp\VMBuilds\Pedalboard\arduino_due_x_dbg\Debug\Pedalboard.cpp.o
                0x00081300                void define_interrupts<44>()
 .text._Z17define_interruptsILi48EEvv
                0x00081378       0x78 C:\Users\Kym\AppData\Local\Temp\VMBuilds\Pedalboard\arduino_due_x_dbg\Debug\Pedalboard.cpp.o
                0x00081378                void define_interrupts<48>()
 .text._Z16setup_interruptsv
                0x000813f0       0xac C:\Users\Kym\AppData\Local\Temp\VMBuilds\Pedalboard\arduino_due_x_dbg\Debug\Pedalboard.cpp.o
                0x000813f0                setup_interrupts()
 .text.setup    0x0008149c       0x8c C:\Users\Kym\AppData\Local\Temp\VMBuilds\Pedalboard\arduino_due_x_dbg\Debug\Pedalboard.cpp.o
                0x0008149c                setup
 .text._ZN4TapeIN17ButtonEventStream5EventEE3AddES1_.isra.6
                0x00081528       0x34 C:\Users\Kym\AppData\Local\Temp\VMBuilds\Pedalboard\arduino_due_x_dbg\Debug\button.cpp.o
 .text._ZN6Button7OnPressEv
                0x0008155c       0x26 C:\Users\Kym\AppData\Local\Temp\VMBuilds\Pedalboard\arduino_due_x_dbg\Debug\button.cpp.o
                0x0008155c                Button::OnPress()
 .text._ZN6Button9OnReleaseEv
                0x00081582       0x26 C:\Users\Kym\AppData\Local\Temp\VMBuilds\Pedalboard\arduino_due_x_dbg\Debug\button.cpp.o
                0x00081582                Button::OnRelease()
 .text._ZN7ControlC2EP6ButtonP8Function
                0x000815a8        0x6 C:\Users\Kym\AppData\Local\Temp\VMBuilds\Pedalboard\arduino_due_x_dbg\Debug\control.cpp.o
                0x000815a8                Control::Control(Button*, Function*)
                0x000815a8                Control::Control(Button*, Function*)
 .text._ZN6LayoutC2EPPP7Controlii
                0x000815ae        0x8 C:\Users\Kym\AppData\Local\Temp\VMBuilds\Pedalboard\arduino_due_x_dbg\Debug\layout.cpp.o
                0x000815ae                Layout::Layout(Control***, int, int)
                0x000815ae                Layout::Layout(Control***, int, int)
 .text._ZN6Layout4ExitEv
                0x000815b6        0x2 C:\Users\Kym\AppData\Local\Temp\VMBuilds\Pedalboard\arduino_due_x_dbg\Debug\layout.cpp.o
                0x000815b6                Layout::Exit()
 .text._ZN20LayoutSelectFunction7ExecuteEv
                0x000815b8       0x10 C:\Users\Kym\AppData\Local\Temp\VMBuilds\Pedalboard\arduino_due_x_dbg\Debug\layout_manager.cpp.o
                0x000815b8                LayoutSelectFunction::Execute()
 .text._ZN23LayoutIncrementFunction7ExecuteEv
                0x000815c8        0xe C:\Users\Kym\AppData\Local\Temp\VMBuilds\Pedalboard\arduino_due_x_dbg\Debug\layout_manager.cpp.o
                0x000815c8                LayoutIncrementFunction::Execute()
 .text._ZN19SceneSelectFunction7ExecuteEv
                0x000815d6        0x2 C:\Users\Kym\AppData\Local\Temp\VMBuilds\Pedalboard\arduino_due_x_dbg\Debug\layout_manager.cpp.o
                0x000815d6                SceneSelectFunction::Execute()
 .text._ZN23PresetIncrementFunction7ExecuteEv
                0x000815d8        0x2 C:\Users\Kym\AppData\Local\Temp\VMBuilds\Pedalboard\arduino_due_x_dbg\Debug\layout_manager.cpp.o
                0x000815d8                PresetIncrementFunction::Execute()
 .text._ZN23PresetDecrementFunction7ExecuteEv
                0x000815da        0x2 C:\Users\Kym\AppData\Local\Temp\VMBuilds\Pedalboard\arduino_due_x_dbg\Debug\layout_manager.cpp.o
                0x000815da                PresetDecrementFunction::Execute()
 .text._ZN22SceneDecrementFunction7ExecuteEv
                0x000815dc        0x2 C:\Users\Kym\AppData\Local\Temp\VMBuilds\Pedalboard\arduino_due_x_dbg\Debug\layout_manager.cpp.o
                0x000815dc                SceneDecrementFunction::Execute()
 .text._ZN22SceneIncrementFunction7ExecuteEv
                0x000815de        0x2 C:\Users\Kym\AppData\Local\Temp\VMBuilds\Pedalboard\arduino_due_x_dbg\Debug\layout_manager.cpp.o
                0x000815de                SceneIncrementFunction::Execute()
 .text._ZN17ExpToggleFunction7ExecuteEv
                0x000815e0        0x2 C:\Users\Kym\AppData\Local\Temp\VMBuilds\Pedalboard\arduino_due_x_dbg\Debug\layout_manager.cpp.o
                0x000815e0                ExpToggleFunction::Execute()
 .text._ZN19TunerToggleFunction7ExecuteEv
                0x000815e2        0x2 C:\Users\Kym\AppData\Local\Temp\VMBuilds\Pedalboard\arduino_due_x_dbg\Debug\layout_manager.cpp.o
                0x000815e2                TunerToggleFunction::Execute()
 .text._ZN16TapTempoFunction7ExecuteEv
                0x000815e4        0x2 C:\Users\Kym\AppData\Local\Temp\VMBuilds\Pedalboard\arduino_due_x_dbg\Debug\layout_manager.cpp.o
                0x000815e4                TapTempoFunction::Execute()
 .text._ZN23LayoutDecrementFunction7ExecuteEv
                0x000815e6       0x10 C:\Users\Kym\AppData\Local\Temp\VMBuilds\Pedalboard\arduino_due_x_dbg\Debug\layout_manager.cpp.o
                0x000815e6                LayoutDecrementFunction::Execute()
 .text._ZN13LayoutManagerC2Ev
                0x000815f6        0x2 C:\Users\Kym\AppData\Local\Temp\VMBuilds\Pedalboard\arduino_due_x_dbg\Debug\layout_manager.cpp.o
                0x000815f6                LayoutManager::LayoutManager()
                0x000815f6                LayoutManager::LayoutManager()
 .text._ZN13LayoutManager15setup_functionsEP13LayoutChanger
                0x000815f8      0x170 C:\Users\Kym\AppData\Local\Temp\VMBuilds\Pedalboard\arduino_due_x_dbg\Debug\layout_manager.cpp.o
                0x000815f8                LayoutManager::setup_functions(LayoutChanger*)
 .text._ZN13LayoutManager13setup_layoutsEv
                0x00081768       0x88 C:\Users\Kym\AppData\Local\Temp\VMBuilds\Pedalboard\arduino_due_x_dbg\Debug\layout_manager.cpp.o
                0x00081768                LayoutManager::setup_layouts()
 .text._ZN13LayoutManager13setup_buttonsEv
                0x000817f0       0x26 C:\Users\Kym\AppData\Local\Temp\VMBuilds\Pedalboard\arduino_due_x_dbg\Debug\layout_manager.cpp.o
                0x000817f0                LayoutManager::setup_buttons()
 *fill*         0x00081816        0x2 
 .text._ZN13LayoutManager4initEv
                0x00081818       0x40 C:\Users\Kym\AppData\Local\Temp\VMBuilds\Pedalboard\arduino_due_x_dbg\Debug\layout_manager.cpp.o
                0x00081818                LayoutManager::init()
 .text._ZN13LayoutManager7OnPressEii
                0x00081858        0xe C:\Users\Kym\AppData\Local\Temp\VMBuilds\Pedalboard\arduino_due_x_dbg\Debug\layout_manager.cpp.o
                0x00081858                LayoutManager::OnPress(int, int)
 .text._ZN13LayoutManager9OnReleaseEii
                0x00081866        0xe C:\Users\Kym\AppData\Local\Temp\VMBuilds\Pedalboard\arduino_due_x_dbg\Debug\layout_manager.cpp.o
                0x00081866                LayoutManager::OnRelease(int, int)
 .text._ZN13LayoutManager12ChangeLayoutEi
                0x00081874       0x16 C:\Users\Kym\AppData\Local\Temp\VMBuilds\Pedalboard\arduino_due_x_dbg\Debug\layout_manager.cpp.o
                0x00081874                LayoutManager::ChangeLayout(int)
 .text._ZN13LayoutManager14ChangeLayoutCbEPvi
                0x0008188a        0x4 C:\Users\Kym\AppData\Local\Temp\VMBuilds\Pedalboard\arduino_due_x_dbg\Debug\layout_manager.cpp.o
                0x0008188a                LayoutManager::ChangeLayoutCb(void*, int)
 .text._ZN13LayoutManager15IncrementLayoutEi
                0x0008188e       0x30 C:\Users\Kym\AppData\Local\Temp\VMBuilds\Pedalboard\arduino_due_x_dbg\Debug\layout_manager.cpp.o
                0x0008188e                LayoutManager::IncrementLayout(int)
 .text._ZN13LayoutManager17IncrementLayoutCbEPvi
                0x000818be        0x4 C:\Users\Kym\AppData\Local\Temp\VMBuilds\Pedalboard\arduino_due_x_dbg\Debug\layout_manager.cpp.o
                0x000818be                LayoutManager::IncrementLayoutCb(void*, int)
 .text._ZN16VisualMicroDebug16DBG_YieldAndWaitEmb
                0x000818c2       0x1a C:\Users\Kym\AppData\Local\Temp\VMBuilds\Pedalboard\arduino_due_x_dbg\Debug\VM_DBG\VM_DBG.cpp.o
                0x000818c2                VisualMicroDebug::DBG_YieldAndWait(unsigned long, bool)
 .text._ZN16VisualMicroDebug16DBG_YieldAndWaitEm
                0x000818dc        0x6 C:\Users\Kym\AppData\Local\Temp\VMBuilds\Pedalboard\arduino_due_x_dbg\Debug\VM_DBG\VM_DBG.cpp.o
                0x000818dc                VisualMicroDebug::DBG_YieldAndWait(unsigned long)
 .text._ZN16VisualMicroDebug10DBG_MillisEv
                0x000818e2        0x4 C:\Users\Kym\AppData\Local\Temp\VMBuilds\Pedalboard\arduino_due_x_dbg\Debug\VM_DBG\VM_DBG.cpp.o
                0x000818e2                VisualMicroDebug::DBG_Millis()
 *fill*         0x000818e6        0x2 
 .text._ZN16VisualMicroDebug22OnBreakPointPrintBeginEh
                0x000818e8       0x74 C:\Users\Kym\AppData\Local\Temp\VMBuilds\Pedalboard\arduino_due_x_dbg\Debug\VM_DBG\VM_DBG.cpp.o
                0x000818e8                VisualMicroDebug::OnBreakPointPrintBegin(unsigned char)
 .text._ZN16VisualMicroDebug20OnBreakPointPrintEndEv
                0x0008195c       0x10 C:\Users\Kym\AppData\Local\Temp\VMBuilds\Pedalboard\arduino_due_x_dbg\Debug\VM_DBG\VM_DBG.cpp.o
                0x0008195c                VisualMicroDebug::OnBreakPointPrintEnd()
 .text._ZN16VisualMicroDebug14outPacketStartEb
                0x0008196c       0x28 C:\Users\Kym\AppData\Local\Temp\VMBuilds\Pedalboard\arduino_due_x_dbg\Debug\VM_DBG\VM_DBG.cpp.o
                0x0008196c                VisualMicroDebug::outPacketStart(bool)
 .text._ZN16VisualMicroDebug12outPacketEndEv
                0x00081994        0x2 C:\Users\Kym\AppData\Local\Temp\VMBuilds\Pedalboard\arduino_due_x_dbg\Debug\VM_DBG\VM_DBG.cpp.o
                0x00081994                VisualMicroDebug::outPacketEnd()
 .text._ZN16VisualMicroDebug4initEm
                0x00081996        0xe C:\Users\Kym\AppData\Local\Temp\VMBuilds\Pedalboard\arduino_due_x_dbg\Debug\VM_DBG\VM_DBG.cpp.o
                0x00081996                VisualMicroDebug::init(unsigned long)
 .text._ZN16VisualMicroDebug16sendContinuedACKEh
                0x000819a4       0x40 C:\Users\Kym\AppData\Local\Temp\VMBuilds\Pedalboard\arduino_due_x_dbg\Debug\VM_DBG\VM_DBG.cpp.o
                0x000819a4                VisualMicroDebug::sendContinuedACK(unsigned char)
 .text.startup._GLOBAL__sub_I__ZN16VisualMicroDebug16DBG_YieldAndWaitEm
                0x000819e4       0x14 C:\Users\Kym\AppData\Local\Temp\VMBuilds\Pedalboard\arduino_due_x_dbg\Debug\VM_DBG\VM_DBG.cpp.o
 .text._ZN16VisualMicroDebug5beginEm
                0x000819f8       0x1c C:\Users\Kym\AppData\Local\Temp\VMBuilds\Pedalboard\arduino_due_x_dbg\Debug\VM_DBG\VM_DBG.cpp.o
                0x000819f8                VisualMicroDebug::begin(unsigned long)
 .text._ZN16VisualMicroDebug4readEv
                0x00081a14       0x10 C:\Users\Kym\AppData\Local\Temp\VMBuilds\Pedalboard\arduino_due_x_dbg\Debug\VM_DBG\VM_DBG.cpp.o
                0x00081a14                VisualMicroDebug::read()
 .text._ZN16VisualMicroDebug24digitalWriteMessageCheckEv
                0x00081a24       0x88 C:\Users\Kym\AppData\Local\Temp\VMBuilds\Pedalboard\arduino_due_x_dbg\Debug\VM_DBG\VM_DBG.cpp.o
                0x00081a24                VisualMicroDebug::digitalWriteMessageCheck()
 .text._ZN16VisualMicroDebug17OnBreakPointBeginEm
                0x00081aac       0x1e C:\Users\Kym\AppData\Local\Temp\VMBuilds\Pedalboard\arduino_due_x_dbg\Debug\VM_DBG\VM_DBG.cpp.o
                0x00081aac                VisualMicroDebug::OnBreakPointBegin(unsigned long)
 .text._ZN16VisualMicroDebug15OnBreakPointEndEv
                0x00081aca       0x10 C:\Users\Kym\AppData\Local\Temp\VMBuilds\Pedalboard\arduino_due_x_dbg\Debug\VM_DBG\VM_DBG.cpp.o
                0x00081aca                VisualMicroDebug::OnBreakPointEnd()
 *fill*         0x00081ada        0x2 
 .text._ZN16VisualMicroDebug9breakWaitEh
                0x00081adc       0x60 C:\Users\Kym\AppData\Local\Temp\VMBuilds\Pedalboard\arduino_due_x_dbg\Debug\VM_DBG\VM_DBG.cpp.o
                0x00081adc                VisualMicroDebug::breakWait(unsigned char)
 .text._ZN16VisualMicroDebug5startEbb
                0x00081b3c       0x26 C:\Users\Kym\AppData\Local\Temp\VMBuilds\Pedalboard\arduino_due_x_dbg\Debug\VM_DBG\VM_DBG.cpp.o
                0x00081b3c                VisualMicroDebug::start(bool, bool)
 .text._Z11serialEventv
                0x00081b62        0x2 C:\Users\Kym\AppData\Local\Temp\VMBCore\arduino16x\bdcba5d43239476dca5ddf04a32da714\variant\variant.cpp.o
                0x00081b62                serialEvent()
 .text.UART_Handler
                0x00081b64        0xc C:\Users\Kym\AppData\Local\Temp\VMBCore\arduino16x\bdcba5d43239476dca5ddf04a32da714\variant\variant.cpp.o
                0x00081b64                UART_Handler
 .text._Z12serialEvent1v
                0x00081b70        0x2 C:\Users\Kym\AppData\Local\Temp\VMBCore\arduino16x\bdcba5d43239476dca5ddf04a32da714\variant\variant.cpp.o
                0x00081b70                serialEvent1()
 .text._Z12serialEvent2v
                0x00081b72        0x2 C:\Users\Kym\AppData\Local\Temp\VMBCore\arduino16x\bdcba5d43239476dca5ddf04a32da714\variant\variant.cpp.o
                0x00081b72                serialEvent2()
 .text._Z12serialEvent3v
                0x00081b74        0x2 C:\Users\Kym\AppData\Local\Temp\VMBCore\arduino16x\bdcba5d43239476dca5ddf04a32da714\variant\variant.cpp.o
                0x00081b74                serialEvent3()
 *fill*         0x00081b76        0x2 
 .text.USART0_Handler
                0x00081b78        0xc C:\Users\Kym\AppData\Local\Temp\VMBCore\arduino16x\bdcba5d43239476dca5ddf04a32da714\variant\variant.cpp.o
                0x00081b78                USART0_Handler
 .text.USART1_Handler
                0x00081b84        0xc C:\Users\Kym\AppData\Local\Temp\VMBCore\arduino16x\bdcba5d43239476dca5ddf04a32da714\variant\variant.cpp.o
                0x00081b84                USART1_Handler
 .text.USART3_Handler
                0x00081b90        0xc C:\Users\Kym\AppData\Local\Temp\VMBCore\arduino16x\bdcba5d43239476dca5ddf04a32da714\variant\variant.cpp.o
                0x00081b90                USART3_Handler
 .text.init     0x00081b9c      0x128 C:\Users\Kym\AppData\Local\Temp\VMBCore\arduino16x\bdcba5d43239476dca5ddf04a32da714\variant\variant.cpp.o
                0x00081b9c                init
 .text.startup._GLOBAL__sub_I_g_APinDescription
                0x00081cc4       0xd4 C:\Users\Kym\AppData\Local\Temp\VMBCore\arduino16x\bdcba5d43239476dca5ddf04a32da714\variant\variant.cpp.o
 .text._Z14serialEventRunv
                0x00081d98       0x44 C:\Users\Kym\AppData\Local\Temp\VMBCore\arduino16x\bdcba5d43239476dca5ddf04a32da714\variant\variant.cpp.o
                0x00081d98                serialEventRun()
 .text.PIO_PullUp
                0x00081ddc        0xa C:\Users\Kym\AppData\Local\arduino15\packages\arduino\hardware\sam\1.6.12\variants\arduino_due_x/libsam_sam3x8e_gcc_rel.a(pio.o)
                0x00081ddc                PIO_PullUp
 .text.PIO_SetPeripheral
                0x00081de6       0x26 C:\Users\Kym\AppData\Local\arduino15\packages\arduino\hardware\sam\1.6.12\variants\arduino_due_x/libsam_sam3x8e_gcc_rel.a(pio.o)
                0x00081de6                PIO_SetPeripheral
 .text.PIO_SetInput
                0x00081e0c       0x26 C:\Users\Kym\AppData\Local\arduino15\packages\arduino\hardware\sam\1.6.12\variants\arduino_due_x/libsam_sam3x8e_gcc_rel.a(pio.o)
                0x00081e0c                PIO_SetInput
 .text.PIO_SetOutput
                0x00081e32       0x24 C:\Users\Kym\AppData\Local\arduino15\packages\arduino\hardware\sam\1.6.12\variants\arduino_due_x/libsam_sam3x8e_gcc_rel.a(pio.o)
                0x00081e32                PIO_SetOutput
 *fill*         0x00081e56        0x2 
 .text.PIO_Configure
                0x00081e58       0x64 C:\Users\Kym\AppData\Local\arduino15\packages\arduino\hardware\sam\1.6.12\variants\arduino_due_x/libsam_sam3x8e_gcc_rel.a(pio.o)
                0x00081e58                PIO_Configure
 .text.PIO_GetOutputDataStatus
                0x00081ebc       0x14 C:\Users\Kym\AppData\Local\arduino15\packages\arduino\hardware\sam\1.6.12\variants\arduino_due_x/libsam_sam3x8e_gcc_rel.a(pio.o)
                0x00081ebc                PIO_GetOutputDataStatus
 .text.pmc_enable_upll_clock
                0x00081ed0       0x14 C:\Users\Kym\AppData\Local\arduino15\packages\arduino\hardware\sam\1.6.12\variants\arduino_due_x/libsam_sam3x8e_gcc_rel.a(pmc.o)
                0x00081ed0                pmc_enable_upll_clock
 .text.pmc_enable_periph_clk
                0x00081ee4       0x44 C:\Users\Kym\AppData\Local\arduino15\packages\arduino\hardware\sam\1.6.12\variants\arduino_due_x/libsam_sam3x8e_gcc_rel.a(pmc.o)
                0x00081ee4                pmc_enable_periph_clk
 .text.pmc_disable_periph_clk
                0x00081f28       0x40 C:\Users\Kym\AppData\Local\arduino15\packages\arduino\hardware\sam\1.6.12\variants\arduino_due_x/libsam_sam3x8e_gcc_rel.a(pmc.o)
                0x00081f28                pmc_disable_periph_clk
 .text.pmc_switch_udpck_to_upllck
                0x00081f68       0x14 C:\Users\Kym\AppData\Local\arduino15\packages\arduino\hardware\sam\1.6.12\variants\arduino_due_x/libsam_sam3x8e_gcc_rel.a(pmc.o)
                0x00081f68                pmc_switch_udpck_to_upllck
 .text.pmc_enable_udpck
                0x00081f7c        0xc C:\Users\Kym\AppData\Local\arduino15\packages\arduino\hardware\sam\1.6.12\variants\arduino_due_x/libsam_sam3x8e_gcc_rel.a(pmc.o)
                0x00081f7c                pmc_enable_udpck
 .text.SystemInit
                0x00081f88       0x88 C:\Users\Kym\AppData\Local\arduino15\packages\arduino\hardware\sam\1.6.12\variants\arduino_due_x/libsam_sam3x8e_gcc_rel.a(system_sam3xa.o)
                0x00081f88                SystemInit
 .text.Reset_Handler
                0x00082010       0x78 C:\Users\Kym\AppData\Local\arduino15\packages\arduino\hardware\sam\1.6.12\variants\arduino_due_x/libsam_sam3x8e_gcc_rel.a(startup_sam3xa.o)
                0x00082010                Reset_Handler
 .text.adc_init
                0x00082088       0x98 C:\Users\Kym\AppData\Local\arduino15\packages\arduino\hardware\sam\1.6.12\variants\arduino_due_x/libsam_sam3x8e_gcc_rel.a(adc.o)
                0x00082088                adc_init
 .text.adc_configure_trigger
                0x00082120        0xe C:\Users\Kym\AppData\Local\arduino15\packages\arduino\hardware\sam\1.6.12\variants\arduino_due_x/libsam_sam3x8e_gcc_rel.a(adc.o)
                0x00082120                adc_configure_trigger
 .text.adc_configure_timing
                0x0008212e       0x1a C:\Users\Kym\AppData\Local\arduino15\packages\arduino\hardware\sam\1.6.12\variants\arduino_due_x/libsam_sam3x8e_gcc_rel.a(adc.o)
                0x0008212e                adc_configure_timing
 .text.adc_disable_channel
                0x00082148        0xa C:\Users\Kym\AppData\Local\arduino15\packages\arduino\hardware\sam\1.6.12\variants\arduino_due_x/libsam_sam3x8e_gcc_rel.a(adc.o)
                0x00082148                adc_disable_channel
 .text.adc_disable_all_channel
                0x00082152        0x8 C:\Users\Kym\AppData\Local\arduino15\packages\arduino\hardware\sam\1.6.12\variants\arduino_due_x/libsam_sam3x8e_gcc_rel.a(adc.o)
                0x00082152                adc_disable_all_channel
 .text.adc_disable_interrupt
                0x0008215a        0x4 C:\Users\Kym\AppData\Local\arduino15\packages\arduino\hardware\sam\1.6.12\variants\arduino_due_x/libsam_sam3x8e_gcc_rel.a(adc.o)
                0x0008215a                adc_disable_interrupt
 *fill*         0x0008215e        0x2 
 .text.UOTGHS_Handler
                0x00082160       0x10 C:\Users\Kym\AppData\Local\arduino15\packages\arduino\hardware\sam\1.6.12\variants\arduino_due_x/libsam_sam3x8e_gcc_rel.a(uotghs.o)
                0x00082160                UOTGHS_Handler
 .text.__halt   0x00082170        0x2 C:\Users\Kym\AppData\Local\Temp\VMBuilds\PEDALB~1\ARDUIN~1\Debug/core.a(cortex_handlers.c.o)
                0x00082170                DACC_Handler
                0x00082170                DebugMon_Handler
                0x00082170                DMAC_Handler
                0x00082170                TRNG_Handler
                0x00082170                HardFault_Handler
                0x00082170                TC2_Handler
                0x00082170                TWI1_Handler
                0x00082170                NMI_Handler
                0x00082170                TC7_Handler
                0x00082170                ADC_Handler
                0x00082170                SMC_Handler
                0x00082170                RTT_Handler
                0x00082170                EFC1_Handler
                0x00082170                RTC_Handler
                0x00082170                UsageFault_Handler
                0x00082170                TC6_Handler
                0x00082170                WDT_Handler
                0x00082170                CAN0_Handler
                0x00082170                TC4_Handler
                0x00082170                TC1_Handler
                0x00082170                HSMCI_Handler
                0x00082170                TC3_Handler
                0x00082170                TWI0_Handler
                0x00082170                SSC_Handler
                0x00082170                EFC0_Handler
                0x00082170                PMC_Handler
                0x00082170                PWM_Handler
                0x00082170                CAN1_Handler
                0x00082170                MemManage_Handler
                0x00082170                SUPC_Handler
                0x00082170                TC8_Handler
                0x00082170                USART2_Handler
                0x00082170                EMAC_Handler
                0x00082170                BusFault_Handler
                0x00082170                RSTC_Handler
                0x00082170                TC0_Handler
                0x00082170                TC5_Handler
                0x00082170                SPI0_Handler
 .text.SVC_Handler
                0x00082172        0x4 C:\Users\Kym\AppData\Local\Temp\VMBuilds\PEDALB~1\ARDUIN~1\Debug/core.a(cortex_handlers.c.o)
                0x00082172                SVC_Handler
 .text.PendSV_Handler
                0x00082176        0x4 C:\Users\Kym\AppData\Local\Temp\VMBuilds\PEDALB~1\ARDUIN~1\Debug/core.a(cortex_handlers.c.o)
                0x00082176                PendSV_Handler
 .text.SysTick_Handler
                0x0008217a       0x16 C:\Users\Kym\AppData\Local\Temp\VMBuilds\PEDALB~1\ARDUIN~1\Debug/core.a(cortex_handlers.c.o)
                0x0008217a                SysTick_Handler
 .text.__empty  0x00082190        0x2 C:\Users\Kym\AppData\Local\Temp\VMBuilds\PEDALB~1\ARDUIN~1\Debug/core.a(hooks.c.o)
                0x00082190                yield
 .text.__false  0x00082192        0x4 C:\Users\Kym\AppData\Local\Temp\VMBuilds\PEDALB~1\ARDUIN~1\Debug/core.a(hooks.c.o)
                0x00082192                sysTickHook
 .text.__halt   0x00082196        0x2 C:\Users\Kym\AppData\Local\Temp\VMBuilds\PEDALB~1\ARDUIN~1\Debug/core.a(hooks.c.o)
                0x00082196                svcHook
                0x00082196                pendSVHook
 .text._sbrk    0x00082198       0x1c C:\Users\Kym\AppData\Local\Temp\VMBuilds\PEDALB~1\ARDUIN~1\Debug/core.a(syscalls_sam3.c.o)
                0x00082198                _sbrk
 .text.link     0x000821b4        0x6 C:\Users\Kym\AppData\Local\Temp\VMBuilds\PEDALB~1\ARDUIN~1\Debug/core.a(syscalls_sam3.c.o)
                0x000821b4                link
 .text._close   0x000821ba        0x6 C:\Users\Kym\AppData\Local\Temp\VMBuilds\PEDALB~1\ARDUIN~1\Debug/core.a(syscalls_sam3.c.o)
                0x000821ba                _close
 .text._fstat   0x000821c0        0xa C:\Users\Kym\AppData\Local\Temp\VMBuilds\PEDALB~1\ARDUIN~1\Debug/core.a(syscalls_sam3.c.o)
                0x000821c0                _fstat
 .text._isatty  0x000821ca        0x4 C:\Users\Kym\AppData\Local\Temp\VMBuilds\PEDALB~1\ARDUIN~1\Debug/core.a(syscalls_sam3.c.o)
                0x000821ca                _isatty
 .text._lseek   0x000821ce        0x4 C:\Users\Kym\AppData\Local\Temp\VMBuilds\PEDALB~1\ARDUIN~1\Debug/core.a(syscalls_sam3.c.o)
                0x000821ce                _lseek
 .text._read    0x000821d2        0x4 C:\Users\Kym\AppData\Local\Temp\VMBuilds\PEDALB~1\ARDUIN~1\Debug/core.a(syscalls_sam3.c.o)
                0x000821d2                _read
 *fill*         0x000821d6        0x2 
 .text._write   0x000821d8       0x24 C:\Users\Kym\AppData\Local\Temp\VMBuilds\PEDALB~1\ARDUIN~1\Debug/core.a(syscalls_sam3.c.o)
                0x000821d8                _write
 .text._exit    0x000821fc        0x2 C:\Users\Kym\AppData\Local\Temp\VMBuilds\PEDALB~1\ARDUIN~1\Debug/core.a(syscalls_sam3.c.o)
                0x000821fc                _exit
 .text._kill    0x000821fe        0x2 C:\Users\Kym\AppData\Local\Temp\VMBuilds\PEDALB~1\ARDUIN~1\Debug/core.a(syscalls_sam3.c.o)
                0x000821fe                _kill
 .text._getpid  0x00082200        0x6 C:\Users\Kym\AppData\Local\Temp\VMBuilds\PEDALB~1\ARDUIN~1\Debug/core.a(syscalls_sam3.c.o)
                0x00082200                _getpid
 *fill*         0x00082206        0x2 
 .text.attachInterrupt
                0x00082208      0x148 C:\Users\Kym\AppData\Local\Temp\VMBuilds\PEDALB~1\ARDUIN~1\Debug/core.a(WInterrupts.c.o)
                0x00082208                attachInterrupt
 .text.PIOA_Handler
                0x00082350       0x38 C:\Users\Kym\AppData\Local\Temp\VMBuilds\PEDALB~1\ARDUIN~1\Debug/core.a(WInterrupts.c.o)
                0x00082350                PIOA_Handler
 .text.PIOB_Handler
                0x00082388       0x38 C:\Users\Kym\AppData\Local\Temp\VMBuilds\PEDALB~1\ARDUIN~1\Debug/core.a(WInterrupts.c.o)
                0x00082388                PIOB_Handler
 .text.PIOC_Handler
                0x000823c0       0x38 C:\Users\Kym\AppData\Local\Temp\VMBuilds\PEDALB~1\ARDUIN~1\Debug/core.a(WInterrupts.c.o)
                0x000823c0                PIOC_Handler
 .text.PIOD_Handler
                0x000823f8       0x38 C:\Users\Kym\AppData\Local\Temp\VMBuilds\PEDALB~1\ARDUIN~1\Debug/core.a(WInterrupts.c.o)
                0x000823f8                PIOD_Handler
 .text.millis   0x00082430        0x4 C:\Users\Kym\AppData\Local\Temp\VMBuilds\PEDALB~1\ARDUIN~1\Debug/core.a(wiring.c.o)
                0x00082430                millis
 .text.delay    0x00082434       0x1c C:\Users\Kym\AppData\Local\Temp\VMBuilds\PEDALB~1\ARDUIN~1\Debug/core.a(wiring.c.o)
                0x00082434                delay
 .text.analogOutputInit
                0x00082450        0x2 C:\Users\Kym\AppData\Local\Temp\VMBuilds\PEDALB~1\ARDUIN~1\Debug/core.a(wiring_analog.c.o)
                0x00082450                analogOutputInit
 *fill*         0x00082452        0x2 
 .text.pinMode  0x00082454      0x108 C:\Users\Kym\AppData\Local\Temp\VMBuilds\PEDALB~1\ARDUIN~1\Debug/core.a(wiring_digital.c.o)
                0x00082454                pinMode
 .text.digitalWrite
                0x0008255c       0x70 C:\Users\Kym\AppData\Local\Temp\VMBuilds\PEDALB~1\ARDUIN~1\Debug/core.a(wiring_digital.c.o)
                0x0008255c                digitalWrite
 .text.initVariant
                0x000825cc        0x2 C:\Users\Kym\AppData\Local\Temp\VMBuilds\PEDALB~1\ARDUIN~1\Debug/core.a(main.cpp.o)
                0x000825cc                initVariant
 *fill*         0x000825ce        0x2 
 .text.startup.main
                0x000825d0       0x38 C:\Users\Kym\AppData\Local\Temp\VMBuilds\PEDALB~1\ARDUIN~1\Debug/core.a(main.cpp.o)
                0x000825d0                main
 .text._Znwj    0x00082608        0x4 C:\Users\Kym\AppData\Local\Temp\VMBuilds\PEDALB~1\ARDUIN~1\Debug/core.a(new.cpp.o)
                0x00082608                operator new(unsigned int)
 .text._Znaj    0x0008260c        0x4 C:\Users\Kym\AppData\Local\Temp\VMBuilds\PEDALB~1\ARDUIN~1\Debug/core.a(new.cpp.o)
                0x0008260c                operator new[](unsigned int)
 .text._ZN5Print5writeEPKhj
                0x00082610       0x22 C:\Users\Kym\AppData\Local\Temp\VMBuilds\PEDALB~1\ARDUIN~1\Debug/core.a(Print.cpp.o)
                0x00082610                Print::write(unsigned char const*, unsigned int)
 .text._ZN5Print5printEmi.part.3
                0x00082632        0xc C:\Users\Kym\AppData\Local\Temp\VMBuilds\PEDALB~1\ARDUIN~1\Debug/core.a(Print.cpp.o)
 .text._ZN5Print5writeEPKc
                0x0008263e       0x1e C:\Users\Kym\AppData\Local\Temp\VMBuilds\PEDALB~1\ARDUIN~1\Debug/core.a(Print.cpp.o)
                0x0008263e                Print::write(char const*)
 .text._ZN5Print5printEPKc
                0x0008265c        0x8 C:\Users\Kym\AppData\Local\Temp\VMBuilds\PEDALB~1\ARDUIN~1\Debug/core.a(Print.cpp.o)
                0x0008265c                Print::print(char const*)
 .text._ZN5Print7printlnEv
                0x00082664       0x10 C:\Users\Kym\AppData\Local\Temp\VMBuilds\PEDALB~1\ARDUIN~1\Debug/core.a(Print.cpp.o)
                0x00082664                Print::println()
 .text._ZN5Print7printlnEPKc
                0x00082674       0x14 C:\Users\Kym\AppData\Local\Temp\VMBuilds\PEDALB~1\ARDUIN~1\Debug/core.a(Print.cpp.o)
                0x00082674                Print::println(char const*)
 .text._ZN5Print11printNumberEmh
                0x00082688       0x3e C:\Users\Kym\AppData\Local\Temp\VMBuilds\PEDALB~1\ARDUIN~1\Debug/core.a(Print.cpp.o)
                0x00082688                Print::printNumber(unsigned long, unsigned char)
 .text._ZN5Print5printEmi
                0x000826c6        0xc C:\Users\Kym\AppData\Local\Temp\VMBuilds\PEDALB~1\ARDUIN~1\Debug/core.a(Print.cpp.o)
                0x000826c6                Print::print(unsigned long, int)
 .text._ZN5Print5printEhi
                0x000826d2        0x4 C:\Users\Kym\AppData\Local\Temp\VMBuilds\PEDALB~1\ARDUIN~1\Debug/core.a(Print.cpp.o)
                0x000826d2                Print::print(unsigned char, int)
 *fill*         0x000826d6        0x2 
 .text.initiateReset
                0x000826d8        0xc C:\Users\Kym\AppData\Local\Temp\VMBuilds\PEDALB~1\ARDUIN~1\Debug/core.a(Reset.cpp.o)
                0x000826d8                initiateReset
 .text.cancelReset
                0x000826e4       0x10 C:\Users\Kym\AppData\Local\Temp\VMBuilds\PEDALB~1\ARDUIN~1\Debug/core.a(Reset.cpp.o)
                0x000826e4                cancelReset
 .text.tickReset
                0x000826f4       0x20 C:\Users\Kym\AppData\Local\Temp\VMBuilds\PEDALB~1\ARDUIN~1\Debug/core.a(Reset.cpp.o)
                0x000826f4                tickReset
 .text._ZN10RingBufferC2Ev
                0x00082714       0x1a C:\Users\Kym\AppData\Local\Temp\VMBuilds\PEDALB~1\ARDUIN~1\Debug/core.a(RingBuffer.cpp.o)
                0x00082714                RingBuffer::RingBuffer()
                0x00082714                RingBuffer::RingBuffer()
 .text._ZN10RingBuffer10store_charEh
                0x0008272e       0x1e C:\Users\Kym\AppData\Local\Temp\VMBuilds\PEDALB~1\ARDUIN~1\Debug/core.a(RingBuffer.cpp.o)
                0x0008272e                RingBuffer::store_char(unsigned char)
 .text._ZN9UARTClasscvbEv
                0x0008274c        0x4 C:\Users\Kym\AppData\Local\Temp\VMBuilds\PEDALB~1\ARDUIN~1\Debug/core.a(UARTClass.cpp.o)
                0x0008274c                UARTClass::operator bool()
 .text._ZN9UARTClass9availableEv
                0x00082750       0x12 C:\Users\Kym\AppData\Local\Temp\VMBuilds\PEDALB~1\ARDUIN~1\Debug/core.a(UARTClass.cpp.o)
                0x00082750                UARTClass::available()
 .text._ZN9UARTClass4peekEv
                0x00082762       0x1c C:\Users\Kym\AppData\Local\Temp\VMBuilds\PEDALB~1\ARDUIN~1\Debug/core.a(UARTClass.cpp.o)
                0x00082762                UARTClass::peek()
 .text._ZN9UARTClass4readEv
                0x0008277e       0x2a C:\Users\Kym\AppData\Local\Temp\VMBuilds\PEDALB~1\ARDUIN~1\Debug/core.a(UARTClass.cpp.o)
                0x0008277e                UARTClass::read()
 .text._ZN9UARTClass5flushEv
                0x000827a8       0x18 C:\Users\Kym\AppData\Local\Temp\VMBuilds\PEDALB~1\ARDUIN~1\Debug/core.a(UARTClass.cpp.o)
                0x000827a8                UARTClass::flush()
 .text._ZN9UARTClass5writeEh
                0x000827c0       0x54 C:\Users\Kym\AppData\Local\Temp\VMBuilds\PEDALB~1\ARDUIN~1\Debug/core.a(UARTClass.cpp.o)
                0x000827c0                UARTClass::write(unsigned char)
 .text._ZN9UARTClass3endEv
                0x00082814       0x3c C:\Users\Kym\AppData\Local\Temp\VMBuilds\PEDALB~1\ARDUIN~1\Debug/core.a(UARTClass.cpp.o)
                0x00082814                UARTClass::end()
 .text._ZN9UARTClassC2EP4Uart4IRQnmP10RingBufferS4_
                0x00082850       0x24 C:\Users\Kym\AppData\Local\Temp\VMBuilds\PEDALB~1\ARDUIN~1\Debug/core.a(UARTClass.cpp.o)
                0x00082850                UARTClass::UARTClass(Uart*, IRQn, unsigned long, RingBuffer*, RingBuffer*)
                0x00082850                UARTClass::UARTClass(Uart*, IRQn, unsigned long, RingBuffer*, RingBuffer*)
 .text._ZN9UARTClass4initEmm
                0x00082874       0x70 C:\Users\Kym\AppData\Local\Temp\VMBuilds\PEDALB~1\ARDUIN~1\Debug/core.a(UARTClass.cpp.o)
                0x00082874                UARTClass::init(unsigned long, unsigned long)
 .text._ZN9UARTClass5beginEm
                0x000828e4        0x8 C:\Users\Kym\AppData\Local\Temp\VMBuilds\PEDALB~1\ARDUIN~1\Debug/core.a(UARTClass.cpp.o)
                0x000828e4                UARTClass::begin(unsigned long)
 .text._ZN9UARTClass10IrqHandlerEv
                0x000828ec       0x5a C:\Users\Kym\AppData\Local\Temp\VMBuilds\PEDALB~1\ARDUIN~1\Debug/core.a(UARTClass.cpp.o)
                0x000828ec                UARTClass::IrqHandler()
 .text._ZN10USARTClass5beginEm
                0x00082946        0x8 C:\Users\Kym\AppData\Local\Temp\VMBuilds\PEDALB~1\ARDUIN~1\Debug/core.a(USARTClass.cpp.o)
                0x00082946                USARTClass::begin(unsigned long)
 *fill*         0x0008294e        0x2 
 .text._ZN10USARTClassC2EP5Usart4IRQnmP10RingBufferS4_
                0x00082950       0x24 C:\Users\Kym\AppData\Local\Temp\VMBuilds\PEDALB~1\ARDUIN~1\Debug/core.a(USARTClass.cpp.o)
                0x00082950                USARTClass::USARTClass(Usart*, IRQn, unsigned long, RingBuffer*, RingBuffer*)
                0x00082950                USARTClass::USARTClass(Usart*, IRQn, unsigned long, RingBuffer*, RingBuffer*)
 .text._watchdogDefaultSetup
                0x00082974        0xc C:\Users\Kym\AppData\Local\Temp\VMBuilds\PEDALB~1\ARDUIN~1\Debug/core.a(watchdog.cpp.o)
                0x00082974                _watchdogDefaultSetup
                0x00082974                watchdogSetup()
 .text.unlikely._ZL11USB_SendZlpv
                0x00082980       0x20 C:\Users\Kym\AppData\Local\Temp\VMBuilds\PEDALB~1\ARDUIN~1\Debug/core.a(USBCore.cpp.o)
 .text._Z14USBD_Availablem
                0x000829a0       0x2c C:\Users\Kym\AppData\Local\Temp\VMBuilds\PEDALB~1\ARDUIN~1\Debug/core.a(USBCore.cpp.o)
                0x000829a0                USBD_Available(unsigned long)
 .text._Z9USBD_RecvmPvm
                0x000829cc       0x7c C:\Users\Kym\AppData\Local\Temp\VMBuilds\PEDALB~1\ARDUIN~1\Debug/core.a(USBCore.cpp.o)
                0x000829cc                USBD_Recv(unsigned long, void*, unsigned long)
 .text._Z9USBD_Recvm
                0x00082a48       0x22 C:\Users\Kym\AppData\Local\Temp\VMBuilds\PEDALB~1\ARDUIN~1\Debug/core.a(USBCore.cpp.o)
                0x00082a48                USBD_Recv(unsigned long)
 *fill*         0x00082a6a        0x2 
 .text._Z9USBD_SendmPKvm
                0x00082a6c       0x4c C:\Users\Kym\AppData\Local\Temp\VMBuilds\PEDALB~1\ARDUIN~1\Debug/core.a(USBCore.cpp.o)
                0x00082a6c                USBD_Send(unsigned long, void const*, unsigned long)
 .text._Z16USBD_SendControlhPKvm
                0x00082ab8       0x40 C:\Users\Kym\AppData\Local\Temp\VMBuilds\PEDALB~1\ARDUIN~1\Debug/core.a(USBCore.cpp.o)
                0x00082ab8                USBD_SendControl(unsigned char, void const*, unsigned long)
 .text.unlikely._ZL24USB_SendStringDescriptorPKhi
                0x00082af8       0x64 C:\Users\Kym\AppData\Local\Temp\VMBuilds\PEDALB~1\ARDUIN~1\Debug/core.a(USBCore.cpp.o)
 .text._Z16USBD_RecvControlPvm
                0x00082b5c       0x1c C:\Users\Kym\AppData\Local\Temp\VMBuilds\PEDALB~1\ARDUIN~1\Debug/core.a(USBCore.cpp.o)
                0x00082b5c                USBD_RecvControl(void*, unsigned long)
 .text._Z26USBD_ClassInterfaceRequestR8USBSetup
                0x00082b78       0x1e C:\Users\Kym\AppData\Local\Temp\VMBuilds\PEDALB~1\ARDUIN~1\Debug/core.a(USBCore.cpp.o)
                0x00082b78                USBD_ClassInterfaceRequest(USBSetup&)
 .text._Z19USBD_SendInterfacesv
                0x00082b96       0x22 C:\Users\Kym\AppData\Local\Temp\VMBuilds\PEDALB~1\ARDUIN~1\Debug/core.a(USBCore.cpp.o)
                0x00082b96                USBD_SendInterfaces()
 .text._Z24USBD_SendOtherInterfacesv
                0x00082bb8       0x22 C:\Users\Kym\AppData\Local\Temp\VMBuilds\PEDALB~1\ARDUIN~1\Debug/core.a(USBCore.cpp.o)
                0x00082bb8                USBD_SendOtherInterfaces()
 .text._Z10USBD_Flushm
                0x00082bda       0x16 C:\Users\Kym\AppData\Local\Temp\VMBuilds\PEDALB~1\ARDUIN~1\Debug/core.a(USBCore.cpp.o)
                0x00082bda                USBD_Flush(unsigned long)
 .text._ZN10USBDevice_C2Ev
                0x00082bf0       0x24 C:\Users\Kym\AppData\Local\Temp\VMBuilds\PEDALB~1\ARDUIN~1\Debug/core.a(USBCore.cpp.o)
                0x00082bf0                USBDevice_::USBDevice_()
                0x00082bf0                USBDevice_::USBDevice_()
 .text._ZN10USBDevice_6attachEv
                0x00082c14       0x20 C:\Users\Kym\AppData\Local\Temp\VMBuilds\PEDALB~1\ARDUIN~1\Debug/core.a(USBCore.cpp.o)
                0x00082c14                USBDevice_::attach()
 .text.startup._GLOBAL__sub_I_EndPoints
                0x00082c34        0xc C:\Users\Kym\AppData\Local\Temp\VMBuilds\PEDALB~1\ARDUIN~1\Debug/core.a(USBCore.cpp.o)
 .text._ZL7USB_ISRv
                0x00082c40      0x454 C:\Users\Kym\AppData\Local\Temp\VMBuilds\PEDALB~1\ARDUIN~1\Debug/core.a(USBCore.cpp.o)
 .text._ZN7Serial_9availableEv
                0x00083094       0x18 C:\Users\Kym\AppData\Local\Temp\VMBuilds\PEDALB~1\ARDUIN~1\Debug/core.a(CDC.cpp.o)
                0x00083094                Serial_::available()
 .text._ZN7Serial_17availableForWriteEv
                0x000830ac        0x6 C:\Users\Kym\AppData\Local\Temp\VMBuilds\PEDALB~1\ARDUIN~1\Debug/core.a(CDC.cpp.o)
                0x000830ac                Serial_::availableForWrite()
 *fill*         0x000830b2        0x2 
 .text._ZN7Serial_4peekEv
                0x000830b4       0x20 C:\Users\Kym\AppData\Local\Temp\VMBuilds\PEDALB~1\ARDUIN~1\Debug/core.a(CDC.cpp.o)
                0x000830b4                Serial_::peek()
 .text._ZN7Serial_5writeEh
                0x000830d4       0x16 C:\Users\Kym\AppData\Local\Temp\VMBuilds\PEDALB~1\ARDUIN~1\Debug/core.a(CDC.cpp.o)
                0x000830d4                Serial_::write(unsigned char)
 *fill*         0x000830ea        0x2 
 .text._ZN7Serial_4readEv
                0x000830ec       0x44 C:\Users\Kym\AppData\Local\Temp\VMBuilds\PEDALB~1\ARDUIN~1\Debug/core.a(CDC.cpp.o)
                0x000830ec                Serial_::read()
 .text._ZN7Serial_5flushEv
                0x00083130        0x6 C:\Users\Kym\AppData\Local\Temp\VMBuilds\PEDALB~1\ARDUIN~1\Debug/core.a(CDC.cpp.o)
                0x00083130                Serial_::flush()
 *fill*         0x00083136        0x2 
 .text._ZN7Serial_6acceptEv
                0x00083138       0x70 C:\Users\Kym\AppData\Local\Temp\VMBuilds\PEDALB~1\ARDUIN~1\Debug/core.a(CDC.cpp.o)
                0x00083138                Serial_::accept()
 .text._ZN7Serial_5writeEPKhj
                0x000831a8       0x2c C:\Users\Kym\AppData\Local\Temp\VMBuilds\PEDALB~1\ARDUIN~1\Debug/core.a(CDC.cpp.o)
                0x000831a8                Serial_::write(unsigned char const*, unsigned int)
 .text._Z16CDC_GetInterfacePh
                0x000831d4       0x14 C:\Users\Kym\AppData\Local\Temp\VMBuilds\PEDALB~1\ARDUIN~1\Debug/core.a(CDC.cpp.o)
                0x000831d4                CDC_GetInterface(unsigned char*)
 .text._Z21CDC_GetOtherInterfacePh
                0x000831e8       0x14 C:\Users\Kym\AppData\Local\Temp\VMBuilds\PEDALB~1\ARDUIN~1\Debug/core.a(CDC.cpp.o)
                0x000831e8                CDC_GetOtherInterface(unsigned char*)
 .text._Z9CDC_SetupR8USBSetup
                0x000831fc       0x78 C:\Users\Kym\AppData\Local\Temp\VMBuilds\PEDALB~1\ARDUIN~1\Debug/core.a(CDC.cpp.o)
                0x000831fc                CDC_Setup(USBSetup&)
 .text.startup._GLOBAL__sub_I_cdc_rx_buffer
                0x00083274       0x1c C:\Users\Kym\AppData\Local\Temp\VMBuilds\PEDALB~1\ARDUIN~1\Debug/core.a(CDC.cpp.o)
 .text._ZN13PluggableUSB_12getInterfaceEPh
                0x00083290       0x28 C:\Users\Kym\AppData\Local\Temp\VMBuilds\PEDALB~1\ARDUIN~1\Debug/core.a(PluggableUSB.cpp.o)
                0x00083290                PluggableUSB_::getInterface(unsigned char*)
 .text._ZN13PluggableUSB_13getDescriptorER8USBSetup
                0x000832b8       0x1c C:\Users\Kym\AppData\Local\Temp\VMBuilds\PEDALB~1\ARDUIN~1\Debug/core.a(PluggableUSB.cpp.o)
                0x000832b8                PluggableUSB_::getDescriptor(USBSetup&)
 .text._ZN13PluggableUSB_12getShortNameEPc
                0x000832d4       0x1c C:\Users\Kym\AppData\Local\Temp\VMBuilds\PEDALB~1\ARDUIN~1\Debug/core.a(PluggableUSB.cpp.o)
                0x000832d4                PluggableUSB_::getShortName(char*)
 .text._ZN13PluggableUSB_5setupER8USBSetup
                0x000832f0       0x20 C:\Users\Kym\AppData\Local\Temp\VMBuilds\PEDALB~1\ARDUIN~1\Debug/core.a(PluggableUSB.cpp.o)
                0x000832f0                PluggableUSB_::setup(USBSetup&)
 .text._Z12PluggableUSBv
                0x00083310       0x28 C:\Users\Kym\AppData\Local\Temp\VMBuilds\PEDALB~1\ARDUIN~1\Debug/core.a(PluggableUSB.cpp.o)
                0x00083310                PluggableUSB()
 .text.TimeTick_Increment
                0x00083338       0x10 C:\Users\Kym\AppData\Local\arduino15\packages\arduino\hardware\sam\1.6.12\variants\arduino_due_x/libsam_sam3x8e_gcc_rel.a(timetick.o)
                0x00083338                TimeTick_Increment
 .text.GetTickCount
                0x00083348        0xc C:\Users\Kym\AppData\Local\arduino15\packages\arduino\hardware\sam\1.6.12\variants\arduino_due_x/libsam_sam3x8e_gcc_rel.a(timetick.o)
                0x00083348                GetTickCount
 .text.WDT_Disable
                0x00083354        0x8 C:\Users\Kym\AppData\Local\arduino15\packages\arduino\hardware\sam\1.6.12\variants\arduino_due_x/libsam_sam3x8e_gcc_rel.a(wdt.o)
                0x00083354                WDT_Disable
 .text.UDD_SetStack
                0x0008335c        0xc C:\Users\Kym\AppData\Local\arduino15\packages\arduino\hardware\sam\1.6.12\variants\arduino_due_x/libsam_sam3x8e_gcc_rel.a(uotghs_device.o)
                0x0008335c                UDD_SetStack
 .text.UDD_Init
                0x00083368       0xd0 C:\Users\Kym\AppData\Local\arduino15\packages\arduino\hardware\sam\1.6.12\variants\arduino_due_x/libsam_sam3x8e_gcc_rel.a(uotghs_device.o)
                0x00083368                UDD_Init
 .text.UDD_Attach
                0x00083438       0x50 C:\Users\Kym\AppData\Local\arduino15\packages\arduino\hardware\sam\1.6.12\variants\arduino_due_x/libsam_sam3x8e_gcc_rel.a(uotghs_device.o)
                0x00083438                UDD_Attach
 .text.UDD_InitEP
                0x00083488       0x2c C:\Users\Kym\AppData\Local\arduino15\packages\arduino\hardware\sam\1.6.12\variants\arduino_due_x/libsam_sam3x8e_gcc_rel.a(uotghs_device.o)
                0x00083488                UDD_InitEP
 .text.UDD_InitEndpoints
                0x000834b4       0x3c C:\Users\Kym\AppData\Local\arduino15\packages\arduino\hardware\sam\1.6.12\variants\arduino_due_x/libsam_sam3x8e_gcc_rel.a(uotghs_device.o)
                0x000834b4                UDD_InitEndpoints
 .text.UDD_WaitIN
                0x000834f0       0x10 C:\Users\Kym\AppData\Local\arduino15\packages\arduino\hardware\sam\1.6.12\variants\arduino_due_x/libsam_sam3x8e_gcc_rel.a(uotghs_device.o)
                0x000834f0                UDD_WaitIN
 .text.UDD_WaitOUT
                0x00083500       0x10 C:\Users\Kym\AppData\Local\arduino15\packages\arduino\hardware\sam\1.6.12\variants\arduino_due_x/libsam_sam3x8e_gcc_rel.a(uotghs_device.o)
                0x00083500                UDD_WaitOUT
 .text.UDD_ClearIN
                0x00083510       0x18 C:\Users\Kym\AppData\Local\arduino15\packages\arduino\hardware\sam\1.6.12\variants\arduino_due_x/libsam_sam3x8e_gcc_rel.a(uotghs_device.o)
                0x00083510                UDD_ClearIN
 .text.UDD_ClearOUT
                0x00083528       0x18 C:\Users\Kym\AppData\Local\arduino15\packages\arduino\hardware\sam\1.6.12\variants\arduino_due_x/libsam_sam3x8e_gcc_rel.a(uotghs_device.o)
                0x00083528                UDD_ClearOUT
 .text.UDD_ReceivedSetupInt
                0x00083540       0x10 C:\Users\Kym\AppData\Local\arduino15\packages\arduino\hardware\sam\1.6.12\variants\arduino_due_x/libsam_sam3x8e_gcc_rel.a(uotghs_device.o)
                0x00083540                UDD_ReceivedSetupInt
 .text.UDD_ClearSetupInt
                0x00083550       0x10 C:\Users\Kym\AppData\Local\arduino15\packages\arduino\hardware\sam\1.6.12\variants\arduino_due_x/libsam_sam3x8e_gcc_rel.a(uotghs_device.o)
                0x00083550                UDD_ClearSetupInt
 .text.UDD_Send
                0x00083560       0x88 C:\Users\Kym\AppData\Local\arduino15\packages\arduino\hardware\sam\1.6.12\variants\arduino_due_x/libsam_sam3x8e_gcc_rel.a(uotghs_device.o)
                0x00083560                UDD_Send
 .text.UDD_Send8
                0x000835e8       0x24 C:\Users\Kym\AppData\Local\arduino15\packages\arduino\hardware\sam\1.6.12\variants\arduino_due_x/libsam_sam3x8e_gcc_rel.a(uotghs_device.o)
                0x000835e8                UDD_Send8
 .text.UDD_Recv8
                0x0008360c       0x28 C:\Users\Kym\AppData\Local\arduino15\packages\arduino\hardware\sam\1.6.12\variants\arduino_due_x/libsam_sam3x8e_gcc_rel.a(uotghs_device.o)
                0x0008360c                UDD_Recv8
 .text.UDD_Recv
                0x00083634       0x34 C:\Users\Kym\AppData\Local\arduino15\packages\arduino\hardware\sam\1.6.12\variants\arduino_due_x/libsam_sam3x8e_gcc_rel.a(uotghs_device.o)
                0x00083634                UDD_Recv
 .text.UDD_Stall
                0x00083668       0x14 C:\Users\Kym\AppData\Local\arduino15\packages\arduino\hardware\sam\1.6.12\variants\arduino_due_x/libsam_sam3x8e_gcc_rel.a(uotghs_device.o)
                0x00083668                UDD_Stall
 .text.UDD_FifoByteCount
                0x0008367c       0x14 C:\Users\Kym\AppData\Local\arduino15\packages\arduino\hardware\sam\1.6.12\variants\arduino_due_x/libsam_sam3x8e_gcc_rel.a(uotghs_device.o)
                0x0008367c                UDD_FifoByteCount
 .text.UDD_ReleaseRX
                0x00083690       0x28 C:\Users\Kym\AppData\Local\arduino15\packages\arduino\hardware\sam\1.6.12\variants\arduino_due_x/libsam_sam3x8e_gcc_rel.a(uotghs_device.o)
                0x00083690                UDD_ReleaseRX
 .text.UDD_ReleaseTX
                0x000836b8       0x28 C:\Users\Kym\AppData\Local\arduino15\packages\arduino\hardware\sam\1.6.12\variants\arduino_due_x/libsam_sam3x8e_gcc_rel.a(uotghs_device.o)
                0x000836b8                UDD_ReleaseTX
 .text.UDD_SetAddress
                0x000836e0       0x20 C:\Users\Kym\AppData\Local\arduino15\packages\arduino\hardware\sam\1.6.12\variants\arduino_due_x/libsam_sam3x8e_gcc_rel.a(uotghs_device.o)
                0x000836e0                UDD_SetAddress
 .text.atoi     0x00083700        0x8 c:/users/kym/appdata/local/arduin~1/packages/arduino/tools/arm-no~1/4800cc~1.3-2/bin/../lib/gcc/arm-none-eabi/4.8.3/../../../../arm-none-eabi/lib/armv7-m\libc.a(lib_a-atoi.o)
                0x00083700                atoi
 .text.__libc_init_array
                0x00083708       0x50 c:/users/kym/appdata/local/arduin~1/packages/arduino/tools/arm-no~1/4800cc~1.3-2/bin/../lib/gcc/arm-none-eabi/4.8.3/../../../../arm-none-eabi/lib/armv7-m\libc.a(lib_a-init.o)
                0x00083708                __libc_init_array
 .text.malloc   0x00083758       0x10 c:/users/kym/appdata/local/arduin~1/packages/arduino/tools/arm-no~1/4800cc~1.3-2/bin/../lib/gcc/arm-none-eabi/4.8.3/../../../../arm-none-eabi/lib/armv7-m\libc.a(lib_a-malloc.o)
                0x00083758                malloc
 .text._malloc_r
                0x00083768      0x538 c:/users/kym/appdata/local/arduin~1/packages/arduino/tools/arm-no~1/4800cc~1.3-2/bin/../lib/gcc/arm-none-eabi/4.8.3/../../../../arm-none-eabi/lib/armv7-m\libc.a(lib_a-mallocr.o)
                0x00083768                _malloc_r
 .text.memset   0x00083ca0       0x94 c:/users/kym/appdata/local/arduin~1/packages/arduino/tools/arm-no~1/4800cc~1.3-2/bin/../lib/gcc/arm-none-eabi/4.8.3/../../../../arm-none-eabi/lib/armv7-m\libc.a(lib_a-memset.o)
                0x00083ca0                memset
 .text.__malloc_lock
                0x00083d34        0x4 c:/users/kym/appdata/local/arduin~1/packages/arduino/tools/arm-no~1/4800cc~1.3-2/bin/../lib/gcc/arm-none-eabi/4.8.3/../../../../arm-none-eabi/lib/armv7-m\libc.a(lib_a-mlock.o)
                0x00083d34                __malloc_lock
 .text.__malloc_unlock
                0x00083d38        0x4 c:/users/kym/appdata/local/arduin~1/packages/arduino/tools/arm-no~1/4800cc~1.3-2/bin/../lib/gcc/arm-none-eabi/4.8.3/../../../../arm-none-eabi/lib/armv7-m\libc.a(lib_a-mlock.o)
                0x00083d38                __malloc_unlock
 .text._sbrk_r  0x00083d3c       0x24 c:/users/kym/appdata/local/arduin~1/packages/arduino/tools/arm-no~1/4800cc~1.3-2/bin/../lib/gcc/arm-none-eabi/4.8.3/../../../../arm-none-eabi/lib/armv7-m\libc.a(lib_a-sbrkr.o)
                0x00083d3c                _sbrk_r
 .text.strlen   0x00083d60       0x60 c:/users/kym/appdata/local/arduin~1/packages/arduino/tools/arm-no~1/4800cc~1.3-2/bin/../lib/gcc/arm-none-eabi/4.8.3/../../../../arm-none-eabi/lib/armv7-m\libc.a(lib_a-strlen.o)
                0x00083d60                strlen
 .text._strtol_r
                0x00083dc0      0x114 c:/users/kym/appdata/local/arduin~1/packages/arduino/tools/arm-no~1/4800cc~1.3-2/bin/../lib/gcc/arm-none-eabi/4.8.3/../../../../arm-none-eabi/lib/armv7-m\libc.a(lib_a-strtol.o)
                0x00083dc0                _strtol_r
 .text.strtol   0x00083ed4       0x18 c:/users/kym/appdata/local/arduin~1/packages/arduino/tools/arm-no~1/4800cc~1.3-2/bin/../lib/gcc/arm-none-eabi/4.8.3/../../../../arm-none-eabi/lib/armv7-m\libc.a(lib_a-strtol.o)
                0x00083ed4                strtol
 .text.kill     0x00083eec       0x10 c:/users/kym/appdata/local/arduin~1/packages/arduino/tools/arm-no~1/4800cc~1.3-2/bin/../lib/gcc/arm-none-eabi/4.8.3/../../../../arm-none-eabi/lib/armv7-m\libc.a(lib_a-syskill.o)
                0x00083eec                kill
 .text.startup.register_fini
                0x00083efc       0x14 c:/users/kym/appdata/local/arduin~1/packages/arduino/tools/arm-no~1/4800cc~1.3-2/bin/../lib/gcc/arm-none-eabi/4.8.3/../../../../arm-none-eabi/lib/armv7-m\libc.a(lib_a-__call_atexit.o)
 .text.atexit   0x00083f10        0xc c:/users/kym/appdata/local/arduin~1/packages/arduino/tools/arm-no~1/4800cc~1.3-2/bin/../lib/gcc/arm-none-eabi/4.8.3/../../../../arm-none-eabi/lib/armv7-m\libc.a(lib_a-atexit.o)
                0x00083f10                atexit
 .text.__libc_fini_array
                0x00083f1c       0x30 c:/users/kym/appdata/local/arduin~1/packages/arduino/tools/arm-no~1/4800cc~1.3-2/bin/../lib/gcc/arm-none-eabi/4.8.3/../../../../arm-none-eabi/lib/armv7-m\libc.a(lib_a-fini.o)
                0x00083f1c                __libc_fini_array
 .text._malloc_trim_r
                0x00083f4c       0x9c c:/users/kym/appdata/local/arduin~1/packages/arduino/tools/arm-no~1/4800cc~1.3-2/bin/../lib/gcc/arm-none-eabi/4.8.3/../../../../arm-none-eabi/lib/armv7-m\libc.a(lib_a-freer.o)
                0x00083f4c                _malloc_trim_r
 .text._free_r  0x00083fe8      0x198 c:/users/kym/appdata/local/arduin~1/packages/arduino/tools/arm-no~1/4800cc~1.3-2/bin/../lib/gcc/arm-none-eabi/4.8.3/../../../../arm-none-eabi/lib/armv7-m\libc.a(lib_a-freer.o)
                0x00083fe8                _free_r
 .text._kill_r  0x00084180       0x28 c:/users/kym/appdata/local/arduin~1/packages/arduino/tools/arm-no~1/4800cc~1.3-2/bin/../lib/gcc/arm-none-eabi/4.8.3/../../../../arm-none-eabi/lib/armv7-m\libc.a(lib_a-signalr.o)
                0x00084180                _kill_r
 .text.__register_exitproc
                0x000841a8       0xa8 c:/users/kym/appdata/local/arduin~1/packages/arduino/tools/arm-no~1/4800cc~1.3-2/bin/../lib/gcc/arm-none-eabi/4.8.3/../../../../arm-none-eabi/lib/armv7-m\libc.a(lib_a-__atexit.o)
                0x000841a8                __register_exitproc
 *(.glue_7t)
 .glue_7t       0x00000000        0x0 linker stubs
 *(.glue_7)
 .glue_7        0x00000000        0x0 linker stubs
 *(.rodata .rodata* .gnu.linkonce.r.*)
 .rodata.str1.1
                0x00084250       0x1a C:\Users\Kym\AppData\Local\Temp\VMBuilds\Pedalboard\arduino_due_x_dbg\Debug\Pedalboard.cpp.o
 *fill*         0x0008426a        0x6 
 .rodata._ZTV20LayoutSelectFunction
                0x00084270       0x10 C:\Users\Kym\AppData\Local\Temp\VMBuilds\Pedalboard\arduino_due_x_dbg\Debug\layout_manager.cpp.o
                0x00084270                vtable for LayoutSelectFunction
 .rodata._ZTV23LayoutIncrementFunction
                0x00084280       0x10 C:\Users\Kym\AppData\Local\Temp\VMBuilds\Pedalboard\arduino_due_x_dbg\Debug\layout_manager.cpp.o
                0x00084280                vtable for LayoutIncrementFunction
 .rodata._ZTV23LayoutDecrementFunction
                0x00084290       0x10 C:\Users\Kym\AppData\Local\Temp\VMBuilds\Pedalboard\arduino_due_x_dbg\Debug\layout_manager.cpp.o
                0x00084290                vtable for LayoutDecrementFunction
 .rodata._ZTV19SceneSelectFunction
                0x000842a0       0x10 C:\Users\Kym\AppData\Local\Temp\VMBuilds\Pedalboard\arduino_due_x_dbg\Debug\layout_manager.cpp.o
                0x000842a0                vtable for SceneSelectFunction
 .rodata._ZTV23PresetIncrementFunction
                0x000842b0       0x10 C:\Users\Kym\AppData\Local\Temp\VMBuilds\Pedalboard\arduino_due_x_dbg\Debug\layout_manager.cpp.o
                0x000842b0                vtable for PresetIncrementFunction
 .rodata._ZTV23PresetDecrementFunction
                0x000842c0       0x10 C:\Users\Kym\AppData\Local\Temp\VMBuilds\Pedalboard\arduino_due_x_dbg\Debug\layout_manager.cpp.o
                0x000842c0                vtable for PresetDecrementFunction
 .rodata._ZTV22SceneDecrementFunction
                0x000842d0       0x10 C:\Users\Kym\AppData\Local\Temp\VMBuilds\Pedalboard\arduino_due_x_dbg\Debug\layout_manager.cpp.o
                0x000842d0                vtable for SceneDecrementFunction
 .rodata._ZTV22SceneIncrementFunction
                0x000842e0       0x10 C:\Users\Kym\AppData\Local\Temp\VMBuilds\Pedalboard\arduino_due_x_dbg\Debug\layout_manager.cpp.o
                0x000842e0                vtable for SceneIncrementFunction
 .rodata._ZTV17ExpToggleFunction
                0x000842f0       0x10 C:\Users\Kym\AppData\Local\Temp\VMBuilds\Pedalboard\arduino_due_x_dbg\Debug\layout_manager.cpp.o
                0x000842f0                vtable for ExpToggleFunction
 .rodata._ZTV19TunerToggleFunction
                0x00084300       0x10 C:\Users\Kym\AppData\Local\Temp\VMBuilds\Pedalboard\arduino_due_x_dbg\Debug\layout_manager.cpp.o
                0x00084300                vtable for TunerToggleFunction
 .rodata._ZTV16TapTempoFunction
                0x00084310       0x10 C:\Users\Kym\AppData\Local\Temp\VMBuilds\Pedalboard\arduino_due_x_dbg\Debug\layout_manager.cpp.o
                0x00084310                vtable for TapTempoFunction
 .rodata._ZL17layoutDefinitions
                0x00084320        0xf C:\Users\Kym\AppData\Local\Temp\VMBuilds\Pedalboard\arduino_due_x_dbg\Debug\layout_manager.cpp.o
 .rodata.str1.1
                0x0008432f       0x68 C:\Users\Kym\AppData\Local\Temp\VMBuilds\Pedalboard\arduino_due_x_dbg\Debug\VM_DBG\VM_DBG.cpp.o
                                 0x6a (size before relaxing)
 *fill*         0x00084397        0x1 
 .rodata.g_APinDescription
                0x00084398      0xa2c C:\Users\Kym\AppData\Local\Temp\VMBCore\arduino16x\bdcba5d43239476dca5ddf04a32da714\variant\variant.cpp.o
                0x00084398                g_APinDescription
 .rodata        0x00084dc4       0x40 C:\Users\Kym\AppData\Local\arduino15\packages\arduino\hardware\sam\1.6.12\variants\arduino_due_x/libsam_sam3x8e_gcc_rel.a(adc.o)
 .rodata.str1.1
                0x00084e04        0xc C:\Users\Kym\AppData\Local\Temp\VMBuilds\PEDALB~1\ARDUIN~1\Debug/core.a(Print.cpp.o)
                                  0xf (size before relaxing)
 .rodata._ZTV9UARTClass
                0x00084e10       0x30 C:\Users\Kym\AppData\Local\Temp\VMBuilds\PEDALB~1\ARDUIN~1\Debug/core.a(UARTClass.cpp.o)
                0x00084e10                vtable for UARTClass
 .rodata._ZTV10USARTClass
                0x00084e40       0x30 C:\Users\Kym\AppData\Local\Temp\VMBuilds\PEDALB~1\ARDUIN~1\Debug/core.a(USARTClass.cpp.o)
                0x00084e40                vtable for USARTClass
 .rodata.STRING_PRODUCT
                0x00084e70        0xc C:\Users\Kym\AppData\Local\Temp\VMBuilds\PEDALB~1\ARDUIN~1\Debug/core.a(USBCore.cpp.o)
                0x00084e70                STRING_PRODUCT
 .rodata.USB_DeviceDescriptor
                0x00084e7c       0x12 C:\Users\Kym\AppData\Local\Temp\VMBuilds\PEDALB~1\ARDUIN~1\Debug/core.a(USBCore.cpp.o)
                0x00084e7c                USB_DeviceDescriptor
 .rodata.STRING_LANGUAGE
                0x00084e8e        0x4 C:\Users\Kym\AppData\Local\Temp\VMBuilds\PEDALB~1\ARDUIN~1\Debug/core.a(USBCore.cpp.o)
                0x00084e8e                STRING_LANGUAGE
 .rodata._ZL18test_packet_buffer
                0x00084e92       0x35 C:\Users\Kym\AppData\Local\Temp\VMBuilds\PEDALB~1\ARDUIN~1\Debug/core.a(USBCore.cpp.o)
 .rodata.STRING_MANUFACTURER
                0x00084ec7        0xc C:\Users\Kym\AppData\Local\Temp\VMBuilds\PEDALB~1\ARDUIN~1\Debug/core.a(USBCore.cpp.o)
                0x00084ec7                STRING_MANUFACTURER
 .rodata.USB_DeviceDescriptorA
                0x00084ed3       0x12 C:\Users\Kym\AppData\Local\Temp\VMBuilds\PEDALB~1\ARDUIN~1\Debug/core.a(USBCore.cpp.o)
                0x00084ed3                USB_DeviceDescriptorA
 .rodata._ZL19USB_DeviceQualifier
                0x00084ee5        0x9 C:\Users\Kym\AppData\Local\Temp\VMBuilds\PEDALB~1\ARDUIN~1\Debug/core.a(USBCore.cpp.o)
 *fill*         0x00084eee        0x2 
 .rodata._ZTV7Serial_
                0x00084ef0       0x28 C:\Users\Kym\AppData\Local\Temp\VMBuilds\PEDALB~1\ARDUIN~1\Debug/core.a(CDC.cpp.o)
                0x00084ef0                vtable for Serial_
 .rodata._ZL18_cdcOtherInterface
                0x00084f18       0x42 C:\Users\Kym\AppData\Local\Temp\VMBuilds\PEDALB~1\ARDUIN~1\Debug/core.a(CDC.cpp.o)
 .rodata._ZL13_cdcInterface
                0x00084f5a       0x42 C:\Users\Kym\AppData\Local\Temp\VMBuilds\PEDALB~1\ARDUIN~1\Debug/core.a(CDC.cpp.o)
 .rodata.str1.4
                0x00084f9c        0x4 c:/users/kym/appdata/local/arduin~1/packages/arduino/tools/arm-no~1/4800cc~1.3-2/bin/../lib/gcc/arm-none-eabi/4.8.3/../../../../arm-none-eabi/lib/armv7-m\libc.a(lib_a-impure.o)
 .rodata._global_impure_ptr
                0x00084fa0        0x4 c:/users/kym/appdata/local/arduin~1/packages/arduino/tools/arm-no~1/4800cc~1.3-2/bin/../lib/gcc/arm-none-eabi/4.8.3/../../../../arm-none-eabi/lib/armv7-m\libc.a(lib_a-impure.o)
                0x00084fa0                _global_impure_ptr
 .rodata._ctype_
                0x00084fa4      0x104 c:/users/kym/appdata/local/arduin~1/packages/arduino/tools/arm-no~1/4800cc~1.3-2/bin/../lib/gcc/arm-none-eabi/4.8.3/../../../../arm-none-eabi/lib/armv7-m\libc.a(lib_a-ctype_.o)
                0x00084fa4                _ctype_
 *(.ARM.extab* .gnu.linkonce.armextab.*)
                0x000850a8                . = ALIGN (0x4)
 *(.init)
 .init          0x000850a8        0x4 c:/users/kym/appdata/local/arduin~1/packages/arduino/tools/arm-no~1/4800cc~1.3-2/bin/../lib/gcc/arm-none-eabi/4.8.3/armv7-m/crti.o
                0x000850a8                _init
 .init          0x000850ac        0x8 c:/users/kym/appdata/local/arduin~1/packages/arduino/tools/arm-no~1/4800cc~1.3-2/bin/../lib/gcc/arm-none-eabi/4.8.3/armv7-m/crtn.o
                0x000850b4                . = ALIGN (0x4)
                0x000850b4                __preinit_array_start = .
 *(.preinit_array)
                0x000850b4                __preinit_array_end = .
                0x000850b4                . = ALIGN (0x4)
                0x000850b4                __init_array_start = .
 *(SORT(.init_array.*))
 .init_array.00000
                0x000850b4        0x4 c:/users/kym/appdata/local/arduin~1/packages/arduino/tools/arm-no~1/4800cc~1.3-2/bin/../lib/gcc/arm-none-eabi/4.8.3/../../../../arm-none-eabi/lib/armv7-m\libc.a(lib_a-__call_atexit.o)
 *(.init_array)